MPLINK 5.00, LINKER
Linker Map File - Created Thu Nov 02 18:54:18 2017

                                 Section Info
                  Section       Type    Address   Location Size(Bytes)
                ---------  ---------  ---------  ---------  ---------
               _entry_scn       code   0x000000    program   0x000006
               highVector       code   0x000008    program   0x00000c
                lowVector       code   0x000018    program   0x000006
                   .cinit    romdata   0x00002a    program   0x00000e
          .code_UCOS_II.o       code   0x000038    program   0x004992
         .code_OS_CPU_C.o       code   0x0049ca    program   0x00054a
      .code_code_lab2_5.o       code   0x004f14    program   0x000484
                   STDLIB       code   0x005398    program   0x0002ae
       .romdata_UCOS_II.o    romdata   0x005646    program   0x000108
         .code_openxlcd.o       code   0x00574e    program   0x0000ec
               _cinit_scn       code   0x00583a    program   0x00009e
         .code_putrxlcd.o       code   0x0058d8    program   0x000076
          .code_fxm3232.o       code   0x00594e    program   0x000070
         .code_setddram.o       code   0x0059be    program   0x00005e
         .code_setcgram.o       code   0x005a1c    program   0x00005e
         .code_writdata.o       code   0x005a7a    program   0x00005c
         .code_wcmdxlcd.o       code   0x005ad6    program   0x00005c
         .code_putsxlcd.o       code   0x005b32    program   0x00005a
         .code_readdata.o       code   0x005b8c    program   0x000052
         .code_readaddr.o       code   0x005bde    program   0x000052
         .code_fxd3232u.o       code   0x005c30    program   0x000048
           .code_t1open.o       code   0x005c78    program   0x000042
         .code_busyxlcd.o       code   0x005cba    program   0x00003e
          .code_t1write.o       code   0x005cf8    program   0x000038
          .code_t0write.o       code   0x005d30    program   0x000038
           .code_t0open.o       code   0x005d68    program   0x000038
                   STRING       code   0x005da0    program   0x000034
             D10KTCYXCODE       code   0x005dd4    program   0x00002e
              D1KTCYXCODE       code   0x005e02    program   0x000020
                    .code       code   0x005e22    program   0x000020
          .code_VECTORS.o       code   0x005e42    program   0x00001e
             _startup_scn       code   0x005e60    program   0x00001c
              D10TCYXCODE       code   0x005e7c    program   0x000016
           .code___init.o       code   0x005e92    program   0x000002
             .stringtable    romdata   0x005e94    program   0x000000
      .idata_fxd3232u.o_i    romdata   0x005e94    program   0x000000
      .romdata_fxd3232u.o    romdata   0x005e94    program   0x000000
       .idata_fxm3232.o_i    romdata   0x005e94    program   0x000000
       .romdata_fxm3232.o    romdata   0x005e94    program   0x000000
        .idata_t0open.o_i    romdata   0x005e94    program   0x000000
        .romdata_t0open.o    romdata   0x005e94    program   0x000000
        .idata_t1open.o_i    romdata   0x005e94    program   0x000000
        .romdata_t1open.o    romdata   0x005e94    program   0x000000
       .idata_t0write.o_i    romdata   0x005e94    program   0x000000
       .romdata_t0write.o    romdata   0x005e94    program   0x000000
       .idata_t1write.o_i    romdata   0x005e94    program   0x000000
       .romdata_t1write.o    romdata   0x005e94    program   0x000000
        .romdata___init.o    romdata   0x005e94    program   0x000000
         .romdata_c018i.o    romdata   0x005e94    program   0x000000
      .romdata_OS_CPU_C.o    romdata   0x005e94    program   0x000000
       .romdata_VECTORS.o    romdata   0x005e94    program   0x000000
      .romdata_busyxlcd.o    romdata   0x005e94    program   0x000000
      .idata_openxlcd.o_i    romdata   0x005e94    program   0x000000
      .romdata_openxlcd.o    romdata   0x005e94    program   0x000000
      .idata_putrxlcd.o_i    romdata   0x005e94    program   0x000000
      .romdata_putrxlcd.o    romdata   0x005e94    program   0x000000
      .idata_putsxlcd.o_i    romdata   0x005e94    program   0x000000
      .romdata_putsxlcd.o    romdata   0x005e94    program   0x000000
      .idata_readaddr.o_i    romdata   0x005e94    program   0x000000
      .romdata_readaddr.o    romdata   0x005e94    program   0x000000
      .idata_readdata.o_i    romdata   0x005e94    program   0x000000
      .romdata_readdata.o    romdata   0x005e94    program   0x000000
      .idata_setcgram.o_i    romdata   0x005e94    program   0x000000
      .romdata_setcgram.o    romdata   0x005e94    program   0x000000
      .idata_setddram.o_i    romdata   0x005e94    program   0x000000
      .romdata_setddram.o    romdata   0x005e94    program   0x000000
      .idata_wcmdxlcd.o_i    romdata   0x005e94    program   0x000000
      .romdata_wcmdxlcd.o    romdata   0x005e94    program   0x000000
      .idata_writdata.o_i    romdata   0x005e94    program   0x000000
   .romdata_code_lab2_5.o    romdata   0x005e94    program   0x000000
   .idata_code_lab2_5.o_i    romdata   0x005e94    program   0x000023
      .romdata_writdata.o    romdata   0x005e94    program   0x000000
         .idata_c018i.o_i    romdata   0x005eb7    program   0x000000
      .idata_OS_CPU_C.o_i    romdata   0x005eb7    program   0x000000
        .idata___init.o_i    romdata   0x005eb7    program   0x000000
       .idata_VECTORS.o_i    romdata   0x005eb7    program   0x000000
       .idata_UCOS_II.o_i    romdata   0x005eb7    program   0x000000
      .idata_busyxlcd.o_i    romdata   0x005eb7    program   0x000000
            .code_c018i.o       code   0x005eb8    program   0x000000
.config_300001_code_lab2_5.o    romdata   0x300001    program   0x000001
.config_300003_code_lab2_5.o    romdata   0x300003    program   0x000001
.config_300006_code_lab2_5.o    romdata   0x300006    program   0x000001
                 .tmpdata      udata   0x000000       data   0x000014
                MATH_DATA      udata   0x000014       data   0x000010
                DELAYDAT2      udata   0x000024       data   0x000001
                DELAYDAT1      udata   0x000025       data   0x000001
                   .stack      udata   0x000080       data   0x000030
         .udata_UCOS_II.o      udata   0x0000b0       data   0x0002f4
     .udata_code_lab2_5.o      udata   0x0003a4       data   0x0001ae
     .idata_code_lab2_5.o      idata   0x000552       data   0x000023
           .udata_c018i.o      udata   0x000575       data   0x00000a
        .udata_writdata.o      udata   0x00057f       data   0x000000
        .idata_writdata.o      idata   0x00057f       data   0x000000
        .udata_OS_CPU_C.o      udata   0x00057f       data   0x000000
           .idata_c018i.o      idata   0x00057f       data   0x000000
        .udata_fxd3232u.o      udata   0x00057f       data   0x000000
        .idata_fxd3232u.o      idata   0x00057f       data   0x000000
         .udata_fxm3232.o      udata   0x00057f       data   0x000000
         .idata_fxm3232.o      idata   0x00057f       data   0x000000
          .udata_t0open.o      udata   0x00057f       data   0x000000
          .idata_t0open.o      idata   0x00057f       data   0x000000
          .udata_t1open.o      udata   0x00057f       data   0x000000
          .idata_t1open.o      idata   0x00057f       data   0x000000
         .udata_t0write.o      udata   0x00057f       data   0x000000
         .idata_t0write.o      idata   0x00057f       data   0x000000
         .udata_t1write.o      udata   0x00057f       data   0x000000
         .idata_t1write.o      idata   0x00057f       data   0x000000
          .udata___init.o      udata   0x00057f       data   0x000000
          .idata___init.o      idata   0x00057f       data   0x000000
        .idata_OS_CPU_C.o      idata   0x00057f       data   0x000000
         .udata_VECTORS.o      udata   0x00057f       data   0x000000
         .idata_VECTORS.o      idata   0x00057f       data   0x000000
         .idata_UCOS_II.o      idata   0x00057f       data   0x000000
        .udata_busyxlcd.o      udata   0x00057f       data   0x000000
        .idata_busyxlcd.o      idata   0x00057f       data   0x000000
        .udata_openxlcd.o      udata   0x00057f       data   0x000000
        .idata_openxlcd.o      idata   0x00057f       data   0x000000
        .udata_putrxlcd.o      udata   0x00057f       data   0x000000
        .idata_putrxlcd.o      idata   0x00057f       data   0x000000
        .udata_putsxlcd.o      udata   0x00057f       data   0x000000
        .idata_putsxlcd.o      idata   0x00057f       data   0x000000
        .udata_readaddr.o      udata   0x00057f       data   0x000000
        .idata_readaddr.o      idata   0x00057f       data   0x000000
        .udata_readdata.o      udata   0x00057f       data   0x000000
        .idata_readdata.o      idata   0x00057f       data   0x000000
        .udata_setcgram.o      udata   0x00057f       data   0x000000
        .idata_setcgram.o      idata   0x00057f       data   0x000000
        .udata_setddram.o      udata   0x00057f       data   0x000000
        .idata_setddram.o      idata   0x00057f       data   0x000000
        .udata_wcmdxlcd.o      udata   0x00057f       data   0x000000
        .idata_wcmdxlcd.o      idata   0x00057f       data   0x000000
            SFR_UNBANKED0      udata   0x000f80       data   0x000080



                              Program Memory Usage 
                               Start         End      
                           ---------   ---------      
                            0x000000    0x000005      
                            0x000008    0x000013      
                            0x000018    0x00001d      
                            0x00002a    0x005eb6      
                            0x300001    0x300001      
                            0x300003    0x300003      
                            0x300006    0x300006      
            24232 out of 33048 program addresses used, program memory utilization is 73%



                              Symbols - Sorted by Name
                     Name    Address   Location    Storage File                     
                ---------  ---------  ---------  --------- ---------                
                 BusyXLCD   0x005cba    program     extern C:\Users\Chan\Desktop\rec\1 NTFS\ECNG3006\L02_815009698_Q5.X\busyxlcd.c
     CPUhighInterruptHook   0x005e5a    program     extern C:\Users\Chan\Desktop\rec\1 NTFS\ECNG3006\L02_815009698_Q5.X\VECTORS.C
            CPUhighVector   0x000008    program     extern C:\Users\Chan\Desktop\rec\1 NTFS\ECNG3006\L02_815009698_Q5.X\OS_CPU_C.C
          CPUlowInterrupt   0x004dba    program     extern C:\Users\Chan\Desktop\rec\1 NTFS\ECNG3006\L02_815009698_Q5.X\OS_CPU_C.C
      CPUlowInterruptHook   0x005e42    program     extern C:\Users\Chan\Desktop\rec\1 NTFS\ECNG3006\L02_815009698_Q5.X\VECTORS.C
             CPUlowVector   0x000018    program     extern C:\Users\Chan\Desktop\rec\1 NTFS\ECNG3006\L02_815009698_Q5.X\OS_CPU_C.C
                   D10K_1   0x005de0    program     static E:\3.46\pic18-lt\cxx-framework\src\traditional\delays\d10ktcyx.asm
                    D10Kl   0x005dec    program     static E:\3.46\pic18-lt\cxx-framework\src\traditional\delays\d10ktcyx.asm
                    D10Kx   0x005dde    program     static E:\3.46\pic18-lt\cxx-framework\src\traditional\delays\d10ktcyx.asm
                    D10_1   0x005e8c    program     static E:\3.46\pic18-lt\cxx-framework\src\traditional\delays\d10tcyx.asm
                     D10x   0x005e84    program     static E:\3.46\pic18-lt\cxx-framework\src\traditional\delays\d10tcyx.asm
                    D1K_1   0x005e0e    program     static E:\3.46\pic18-lt\cxx-framework\src\traditional\delays\d1ktcyx.asm
                     D1Kx   0x005e0c    program     static E:\3.46\pic18-lt\cxx-framework\src\traditional\delays\d1ktcyx.asm
             Delay10KTCYx   0x005dd4    program     extern E:\3.46\pic18-lt\cxx-framework\src\traditional\delays\d10ktcyx.asm
              Delay10TCYx   0x005e7c    program     extern E:\3.46\pic18-lt\cxx-framework\src\traditional\delays\d10tcyx.asm
              Delay1KTCYx   0x005e02    program     extern E:\3.46\pic18-lt\cxx-framework\src\traditional\delays\d1ktcyx.asm
            DelayFor18TCY   0x004f14    program     extern C:\Users\Chan\Desktop\rec\1 NTFS\ECNG3006\L02_815009698_Q5.X\code_lab2_5.C
             DelayPORXLCD   0x004f30    program     extern C:\Users\Chan\Desktop\rec\1 NTFS\ECNG3006\L02_815009698_Q5.X\code_lab2_5.C
                DelayXLCD   0x004f3c    program     extern C:\Users\Chan\Desktop\rec\1 NTFS\ECNG3006\L02_815009698_Q5.X\code_lab2_5.C
                 FXD3232U   0x005c30    program     extern E:\3.46\pic18-lt\cxx-framework\src\traditional\math\fxd3232u.c
                  FXM3232   0x00594e    program     extern E:\3.46\pic18-lt\cxx-framework\src\traditional\math\fxm3232.c
                  OSCtxSw   0x004cc4    program     extern C:\Users\Chan\Desktop\rec\1 NTFS\ECNG3006\L02_815009698_Q5.X\OS_CPU_C.C
                   OSInit   0x000038    program     extern C:\Users\Chan\Desktop\rec\1 NTFS\ECNG3006\L02_815009698_Q5.X\os_core.c
          OSInitHookBegin   0x004c3c    program     extern C:\Users\Chan\Desktop\rec\1 NTFS\ECNG3006\L02_815009698_Q5.X\OS_CPU_C.C
            OSInitHookEnd   0x004c3e    program     extern C:\Users\Chan\Desktop\rec\1 NTFS\ECNG3006\L02_815009698_Q5.X\OS_CPU_C.C
               OSIntCtxSw   0x004e4c    program     extern C:\Users\Chan\Desktop\rec\1 NTFS\ECNG3006\L02_815009698_Q5.X\OS_CPU_C.C
               OSIntEnter   0x00005e    program     extern C:\Users\Chan\Desktop\rec\1 NTFS\ECNG3006\L02_815009698_Q5.X\os_core.c
                OSIntExit   0x000082    program     extern C:\Users\Chan\Desktop\rec\1 NTFS\ECNG3006\L02_815009698_Q5.X\os_core.c
                 OSMapTbl   0x005646    program     extern C:\Users\Chan\Desktop\rec\1 NTFS\ECNG3006\L02_815009698_Q5.X\os_core.c
                OSQAccept   0x00149e    program     extern C:\Users\Chan\Desktop\rec\1 NTFS\ECNG3006\L02_815009698_Q5.X\os_q.c
                OSQCreate   0x001640    program     extern C:\Users\Chan\Desktop\rec\1 NTFS\ECNG3006\L02_815009698_Q5.X\os_q.c
                   OSQDel   0x001890    program     extern C:\Users\Chan\Desktop\rec\1 NTFS\ECNG3006\L02_815009698_Q5.X\os_q.c
                 OSQFlush   0x001b48    program     extern C:\Users\Chan\Desktop\rec\1 NTFS\ECNG3006\L02_815009698_Q5.X\os_q.c
                  OSQPend   0x001c56    program     extern C:\Users\Chan\Desktop\rec\1 NTFS\ECNG3006\L02_815009698_Q5.X\os_q.c
                  OSQPost   0x001f4a    program     extern C:\Users\Chan\Desktop\rec\1 NTFS\ECNG3006\L02_815009698_Q5.X\os_q.c
             OSQPostFront   0x002150    program     extern C:\Users\Chan\Desktop\rec\1 NTFS\ECNG3006\L02_815009698_Q5.X\os_q.c
               OSQPostOpt   0x002362    program     extern C:\Users\Chan\Desktop\rec\1 NTFS\ECNG3006\L02_815009698_Q5.X\os_q.c
                 OSQQuery   0x00267c    program     extern C:\Users\Chan\Desktop\rec\1 NTFS\ECNG3006\L02_815009698_Q5.X\os_q.c
              OSSchedLock   0x00018e    program     extern C:\Users\Chan\Desktop\rec\1 NTFS\ECNG3006\L02_815009698_Q5.X\os_core.c
            OSSchedUnlock   0x0001e2    program     extern C:\Users\Chan\Desktop\rec\1 NTFS\ECNG3006\L02_815009698_Q5.X\os_core.c
              OSSemAccept   0x0029b6    program     extern C:\Users\Chan\Desktop\rec\1 NTFS\ECNG3006\L02_815009698_Q5.X\os_sem.c
              OSSemCreate   0x002a88    program     extern C:\Users\Chan\Desktop\rec\1 NTFS\ECNG3006\L02_815009698_Q5.X\os_sem.c
                 OSSemDel   0x002b7c    program     extern C:\Users\Chan\Desktop\rec\1 NTFS\ECNG3006\L02_815009698_Q5.X\os_sem.c
                OSSemPend   0x002db8    program     extern C:\Users\Chan\Desktop\rec\1 NTFS\ECNG3006\L02_815009698_Q5.X\os_sem.c
                OSSemPost   0x002f4a    program     extern C:\Users\Chan\Desktop\rec\1 NTFS\ECNG3006\L02_815009698_Q5.X\os_sem.c
               OSSemQuery   0x00304a    program     extern C:\Users\Chan\Desktop\rec\1 NTFS\ECNG3006\L02_815009698_Q5.X\os_sem.c
                  OSStart   0x000242    program     extern C:\Users\Chan\Desktop\rec\1 NTFS\ECNG3006\L02_815009698_Q5.X\os_core.c
           OSStartHighRdy   0x004c40    program     extern C:\Users\Chan\Desktop\rec\1 NTFS\ECNG3006\L02_815009698_Q5.X\OS_CPU_C.C
               OSStatInit   0x000324    program     extern C:\Users\Chan\Desktop\rec\1 NTFS\ECNG3006\L02_815009698_Q5.X\os_core.c
            OSTCBInitHook   0x004c1e    program     extern C:\Users\Chan\Desktop\rec\1 NTFS\ECNG3006\L02_815009698_Q5.X\OS_CPU_C.C
         OSTaskChangePrio   0x0031ca    program     extern C:\Users\Chan\Desktop\rec\1 NTFS\ECNG3006\L02_815009698_Q5.X\os_task.c
             OSTaskCreate   0x003636    program     extern C:\Users\Chan\Desktop\rec\1 NTFS\ECNG3006\L02_815009698_Q5.X\os_task.c
          OSTaskCreateExt   0x0037dc    program     extern C:\Users\Chan\Desktop\rec\1 NTFS\ECNG3006\L02_815009698_Q5.X\os_task.c
         OSTaskCreateHook   0x004bde    program     extern C:\Users\Chan\Desktop\rec\1 NTFS\ECNG3006\L02_815009698_Q5.X\OS_CPU_C.C
                OSTaskDel   0x0039f2    program     extern C:\Users\Chan\Desktop\rec\1 NTFS\ECNG3006\L02_815009698_Q5.X\os_task.c
            OSTaskDelHook   0x004bfa    program     extern C:\Users\Chan\Desktop\rec\1 NTFS\ECNG3006\L02_815009698_Q5.X\OS_CPU_C.C
             OSTaskDelReq   0x003dc0    program     extern C:\Users\Chan\Desktop\rec\1 NTFS\ECNG3006\L02_815009698_Q5.X\os_task.c
           OSTaskIdleHook   0x004c3a    program     extern C:\Users\Chan\Desktop\rec\1 NTFS\ECNG3006\L02_815009698_Q5.X\OS_CPU_C.C
             OSTaskResume   0x003ef0    program     extern C:\Users\Chan\Desktop\rec\1 NTFS\ECNG3006\L02_815009698_Q5.X\os_task.c
           OSTaskStatHook   0x004c1a    program     extern C:\Users\Chan\Desktop\rec\1 NTFS\ECNG3006\L02_815009698_Q5.X\OS_CPU_C.C
             OSTaskStkChk   0x004048    program     extern C:\Users\Chan\Desktop\rec\1 NTFS\ECNG3006\L02_815009698_Q5.X\os_task.c
            OSTaskStkInit   0x0049ca    program     extern C:\Users\Chan\Desktop\rec\1 NTFS\ECNG3006\L02_815009698_Q5.X\OS_CPU_C.C
            OSTaskSuspend   0x004288    program     extern C:\Users\Chan\Desktop\rec\1 NTFS\ECNG3006\L02_815009698_Q5.X\os_task.c
             OSTaskSwHook   0x004c16    program     extern C:\Users\Chan\Desktop\rec\1 NTFS\ECNG3006\L02_815009698_Q5.X\OS_CPU_C.C
                OSTimeDly   0x004420    program     extern C:\Users\Chan\Desktop\rec\1 NTFS\ECNG3006\L02_815009698_Q5.X\os_time.c
            OSTimeDlyHMSM   0x0044ca    program     extern C:\Users\Chan\Desktop\rec\1 NTFS\ECNG3006\L02_815009698_Q5.X\os_time.c
          OSTimeDlyResume   0x0047a6    program     extern C:\Users\Chan\Desktop\rec\1 NTFS\ECNG3006\L02_815009698_Q5.X\os_time.c
                OSTimeGet   0x0048fa    program     extern C:\Users\Chan\Desktop\rec\1 NTFS\ECNG3006\L02_815009698_Q5.X\os_time.c
                OSTimeSet   0x004980    program     extern C:\Users\Chan\Desktop\rec\1 NTFS\ECNG3006\L02_815009698_Q5.X\os_time.c
               OSTimeTick   0x0003a4    program     extern C:\Users\Chan\Desktop\rec\1 NTFS\ECNG3006\L02_815009698_Q5.X\os_core.c
           OSTimeTickHook   0x004c1c    program     extern C:\Users\Chan\Desktop\rec\1 NTFS\ECNG3006\L02_815009698_Q5.X\OS_CPU_C.C
               OSUnMapTbl   0x00564e    program     extern C:\Users\Chan\Desktop\rec\1 NTFS\ECNG3006\L02_815009698_Q5.X\os_core.c
                OSVersion   0x000536    program     extern C:\Users\Chan\Desktop\rec\1 NTFS\ECNG3006\L02_815009698_Q5.X\os_core.c
                 OS_Dummy   0x000540    program     extern C:\Users\Chan\Desktop\rec\1 NTFS\ECNG3006\L02_815009698_Q5.X\os_core.c
               OS_EventTO   0x000882    program     extern C:\Users\Chan\Desktop\rec\1 NTFS\ECNG3006\L02_815009698_Q5.X\os_core.c
          OS_EventTaskRdy   0x000542    program     extern C:\Users\Chan\Desktop\rec\1 NTFS\ECNG3006\L02_815009698_Q5.X\os_core.c
         OS_EventTaskWait   0x0007a4    program     extern C:\Users\Chan\Desktop\rec\1 NTFS\ECNG3006\L02_815009698_Q5.X\os_core.c
     OS_EventWaitListInit   0x00092e    program     extern C:\Users\Chan\Desktop\rec\1 NTFS\ECNG3006\L02_815009698_Q5.X\os_core.c
         OS_InitEventList   0x0009aa    program     static C:\Users\Chan\Desktop\rec\1 NTFS\ECNG3006\L02_815009698_Q5.X\os_core.c
              OS_InitMisc   0x000ac0    program     static C:\Users\Chan\Desktop\rec\1 NTFS\ECNG3006\L02_815009698_Q5.X\os_core.c
           OS_InitRdyList   0x000b08    program     static C:\Users\Chan\Desktop\rec\1 NTFS\ECNG3006\L02_815009698_Q5.X\os_core.c
           OS_InitTCBList   0x000c5c    program     static C:\Users\Chan\Desktop\rec\1 NTFS\ECNG3006\L02_815009698_Q5.X\os_core.c
          OS_InitTaskIdle   0x000bae    program     static C:\Users\Chan\Desktop\rec\1 NTFS\ECNG3006\L02_815009698_Q5.X\os_core.c
          OS_InitTaskStat   0x000c04    program     static C:\Users\Chan\Desktop\rec\1 NTFS\ECNG3006\L02_815009698_Q5.X\os_core.c
                 OS_QInit   0x0028c8    program     extern C:\Users\Chan\Desktop\rec\1 NTFS\ECNG3006\L02_815009698_Q5.X\os_q.c
                 OS_Sched   0x000d90    program     extern C:\Users\Chan\Desktop\rec\1 NTFS\ECNG3006\L02_815009698_Q5.X\os_core.c
               OS_TCBInit   0x0010ba    program     extern C:\Users\Chan\Desktop\rec\1 NTFS\ECNG3006\L02_815009698_Q5.X\os_core.c
              OS_TaskIdle   0x000e90    program     extern C:\Users\Chan\Desktop\rec\1 NTFS\ECNG3006\L02_815009698_Q5.X\os_core.c
              OS_TaskStat   0x000eec    program     extern C:\Users\Chan\Desktop\rec\1 NTFS\ECNG3006\L02_815009698_Q5.X\os_core.c
                  OneByte   0x0054ba    program     static E:\3.46\pic18-lt\cxx-framework\src\traditional\stdclib\itobcd.asm
                  OneByte   0x005634    program     static E:\3.46\pic18-lt\cxx-framework\src\traditional\stdclib\ltobcd.asm
               OpenTimer0   0x005d68    program     extern E:\3.46\pic18-lt\cxx-framework\src\pmc_common\Timers\t0open.c
               OpenTimer1   0x005c78    program     extern E:\3.46\pic18-lt\cxx-framework\src\pmc_common\Timers\t1open.c
                 OpenXLCD   0x00574e    program     extern C:\Users\Chan\Desktop\rec\1 NTFS\ECNG3006\L02_815009698_Q5.X\openxlcd.c
                ProcLower   0x0055cc    program     static E:\3.46\pic18-lt\cxx-framework\src\traditional\stdclib\ultoa.asm
                ProcLower   0x00546e    program     static E:\3.46\pic18-lt\cxx-framework\src\traditional\stdclib\itoa.asm
                ProcUpper   0x0055c2    program     static E:\3.46\pic18-lt\cxx-framework\src\traditional\stdclib\ultoa.asm
                ProcUpper   0x005464    program     static E:\3.46\pic18-lt\cxx-framework\src\traditional\stdclib\itoa.asm
             ReadAddrXLCD   0x005bde    program     extern C:\Users\Chan\Desktop\rec\1 NTFS\ECNG3006\L02_815009698_Q5.X\readaddr.c
             ReadDataXLCD   0x005b8c    program     extern C:\Users\Chan\Desktop\rec\1 NTFS\ECNG3006\L02_815009698_Q5.X\readdata.c
             SetCGRamAddr   0x005a1c    program     extern C:\Users\Chan\Desktop\rec\1 NTFS\ECNG3006\L02_815009698_Q5.X\setcgram.c
             SetDDRamAddr   0x0059be    program     extern C:\Users\Chan\Desktop\rec\1 NTFS\ECNG3006\L02_815009698_Q5.X\setddram.c
                    TaskA   0x004f48    program     extern C:\Users\Chan\Desktop\rec\1 NTFS\ECNG3006\L02_815009698_Q5.X\code_lab2_5.C
                    TaskB   0x00501c    program     extern C:\Users\Chan\Desktop\rec\1 NTFS\ECNG3006\L02_815009698_Q5.X\code_lab2_5.C
                 TstLower   0x0055b6    program     static E:\3.46\pic18-lt\cxx-framework\src\traditional\stdclib\ultoa.asm
                 TstLower   0x005458    program     static E:\3.46\pic18-lt\cxx-framework\src\traditional\stdclib\itoa.asm
                 TstUpper   0x0055b0    program     static E:\3.46\pic18-lt\cxx-framework\src\traditional\stdclib\ultoa.asm
                 TstUpper   0x005452    program     static E:\3.46\pic18-lt\cxx-framework\src\traditional\stdclib\itoa.asm
             WriteCmdXLCD   0x005ad6    program     extern C:\Users\Chan\Desktop\rec\1 NTFS\ECNG3006\L02_815009698_Q5.X\wcmdxlcd.c
            WriteDataXLCD   0x005a7a    program     extern C:\Users\Chan\Desktop\rec\1 NTFS\ECNG3006\L02_815009698_Q5.X\writdata.c
              WriteTimer0   0x005d30    program     extern E:\3.46\pic18-lt\cxx-framework\src\pmc_common\Timers\t0write.c
              WriteTimer1   0x005cf8    program     extern E:\3.46\pic18-lt\cxx-framework\src\pmc_common\Timers\t1write.c
              _2jContinue   0x005dc0    program     static E:\3.46\pic18-lt\cxx-framework\src\traditional\stdclib\memset.asm
                   _3jEnd   0x005dca    program     static E:\3.46\pic18-lt\cxx-framework\src\traditional\stdclib\memset.asm
       _D10KTCYXCODE_0010   0x005de4    program     static E:\3.46\pic18-lt\cxx-framework\src\traditional\delays\d10ktcyx.asm
       _D10KTCYXCODE_001C   0x005df0    program     static E:\3.46\pic18-lt\cxx-framework\src\traditional\delays\d10ktcyx.asm
        _D10TCYXCODE_000A   0x005e86    program     static E:\3.46\pic18-lt\cxx-framework\src\traditional\delays\d10tcyx.asm
        _D10TCYXCODE_000C   0x005e88    program     static E:\3.46\pic18-lt\cxx-framework\src\traditional\delays\d10tcyx.asm
        _D10TCYXCODE_000E   0x005e8a    program     static E:\3.46\pic18-lt\cxx-framework\src\traditional\delays\d10tcyx.asm
        _D1KTCYXCODE_0010   0x005e12    program     static E:\3.46\pic18-lt\cxx-framework\src\traditional\delays\d1ktcyx.asm
        _D1KTCYXCODE_0016   0x005e18    program     static E:\3.46\pic18-lt\cxx-framework\src\traditional\delays\d1ktcyx.asm
           ___do_lbl00014   0x004c7c    program     static                          
           ___do_lbl00015   0x004c80    program     static                          
           ___do_lbl00016   0x004c6e    program     static                          
           ___do_lbl00021   0x004d72    program     static                          
           ___do_lbl00022   0x004d76    program     static                          
           ___do_lbl00023   0x004d64    program     static                          
           ___do_lbl00034   0x004ecc    program     static                          
           ___do_lbl00035   0x004ed0    program     static                          
           ___do_lbl00036   0x004ebe    program     static                          
           ___if_lbl00013   0x004c68    program     static                          
           ___if_lbl00020   0x004d30    program     static                          
           ___if_lbl00030   0x004e7a    program     static                          
           ___if_lbl00033   0x004eb8    program     static                          
       ___return_lbl00000   0x004f2e    program     static                          
       ___return_lbl00000   0x000004    program     static                          
       ___return_lbl00000   0x005c76    program     static                          
       ___return_lbl00000   0x0059bc    program     static                          
       ___return_lbl00001   0x005e7a    program     static                          
       ___return_lbl00002   0x0058d6    program     static                          
       ___return_lbl00003   0x004c18    program     static                          
       ___return_lbl00010   0x004cc2    program     static                          
       ___return_lbl00017   0x004db8    program     static                          
       ___return_lbl00024   0x000012    program     static                          
       ___return_lbl00025   0x00001c    program     static                          
       ___return_lbl00026   0x004e4a    program     static                          
       ___return_lbl00027   0x004f12    program     static                          
        ___while_lbl00011   0x004c58    program     static                          
        ___while_lbl00012   0x004c62    program     static                          
        ___while_lbl00018   0x004d0e    program     static                          
        ___while_lbl00019   0x004d26    program     static                          
        ___while_lbl00028   0x004e58    program     static                          
        ___while_lbl00029   0x004e70    program     static                          
        ___while_lbl00031   0x004ea8    program     static                          
        ___while_lbl00032   0x004eb2    program     static                          
               __config_0   0x300001    program     static C:\Users\Chan\Desktop\rec\1 NTFS\ECNG3006\L02_815009698_Q5.X\code_lab2_5.C
               __config_1   0x300003    program     static C:\Users\Chan\Desktop\rec\1 NTFS\ECNG3006\L02_815009698_Q5.X\code_lab2_5.C
               __config_2   0x300006    program     static C:\Users\Chan\Desktop\rec\1 NTFS\ECNG3006\L02_815009698_Q5.X\code_lab2_5.C
                   __init   0x005e92    program     extern E:\3.46\pic18-lt\cxx-framework\src\traditional\stdclib\__init.c
            __zero_memory   0x005e22    program     extern E:\3.46\pic18-lt\cxx-framework\src\traditional\proc\p18f452.asm
                _do_cinit   0x00583a    program     extern E:\3.46\pic18-lt\cxx-framework\src\traditional\startup\c018i.c
                   _entry   0x000000    program     extern E:\3.46\pic18-lt\cxx-framework\src\traditional\startup\c018i.c
                   _false   0x005c72    program     static                          
                 _startup   0x005e60    program     extern E:\3.46\pic18-lt\cxx-framework\src\traditional\startup\c018i.c
                   appISR   0x0051ae    program     extern C:\Users\Chan\Desktop\rec\1 NTFS\ECNG3006\L02_815009698_Q5.X\code_lab2_5.C
                compare_l   0x005e38    program     static E:\3.46\pic18-lt\cxx-framework\src\traditional\proc\p18f452.asm
                copy_loop   0x0058ac    program     static                          
            copy_one_byte   0x0058b2    program     static                          
                     done   0x0058d6    program     static                          
             done_copying   0x0058c0    program     static                          
                   itoBCD   0x005478    program     extern E:\3.46\pic18-lt\cxx-framework\src\traditional\stdclib\itobcd.asm
                     itoa   0x005398    program     extern E:\3.46\pic18-lt\cxx-framework\src\traditional\stdclib\itoa.asm
                     jDo1   0x00541e    program     static E:\3.46\pic18-lt\cxx-framework\src\traditional\stdclib\itoa.asm
                     jDo1   0x00557c    program     static E:\3.46\pic18-lt\cxx-framework\src\traditional\stdclib\ultoa.asm
                    jDo10   0x005558    program     static E:\3.46\pic18-lt\cxx-framework\src\traditional\stdclib\ultoa.asm
                     jDo2   0x00541a    program     static E:\3.46\pic18-lt\cxx-framework\src\traditional\stdclib\itoa.asm
                     jDo2   0x005578    program     static E:\3.46\pic18-lt\cxx-framework\src\traditional\stdclib\ultoa.asm
                     jDo3   0x005416    program     static E:\3.46\pic18-lt\cxx-framework\src\traditional\stdclib\itoa.asm
                     jDo3   0x005574    program     static E:\3.46\pic18-lt\cxx-framework\src\traditional\stdclib\ultoa.asm
                     jDo4   0x005412    program     static E:\3.46\pic18-lt\cxx-framework\src\traditional\stdclib\itoa.asm
                     jDo4   0x005570    program     static E:\3.46\pic18-lt\cxx-framework\src\traditional\stdclib\ultoa.asm
                     jDo5   0x00556c    program     static E:\3.46\pic18-lt\cxx-framework\src\traditional\stdclib\ultoa.asm
                     jDo5   0x00540e    program     static E:\3.46\pic18-lt\cxx-framework\src\traditional\stdclib\itoa.asm
                     jDo6   0x005568    program     static E:\3.46\pic18-lt\cxx-framework\src\traditional\stdclib\ultoa.asm
                     jDo7   0x005564    program     static E:\3.46\pic18-lt\cxx-framework\src\traditional\stdclib\ultoa.asm
                     jDo8   0x005560    program     static E:\3.46\pic18-lt\cxx-framework\src\traditional\stdclib\ultoa.asm
                     jDo9   0x00555c    program     static E:\3.46\pic18-lt\cxx-framework\src\traditional\stdclib\ultoa.asm
                     jEnd   0x0054b6    program     static E:\3.46\pic18-lt\cxx-framework\src\traditional\stdclib\itobcd.asm
                     jEnd   0x005dd2    program     static E:\3.46\pic18-lt\cxx-framework\src\traditional\stdclib\memset.asm
                     jEnd   0x005630    program     static E:\3.46\pic18-lt\cxx-framework\src\traditional\stdclib\ltobcd.asm
                    jLoop   0x005db4    program     static E:\3.46\pic18-lt\cxx-framework\src\traditional\stdclib\memset.asm
                    jLoop   0x005490    program     static E:\3.46\pic18-lt\cxx-framework\src\traditional\stdclib\itobcd.asm
                    jLoop   0x0055f2    program     static E:\3.46\pic18-lt\cxx-framework\src\traditional\stdclib\ltobcd.asm
                jTstLowZ1   0x0055c0    program     static E:\3.46\pic18-lt\cxx-framework\src\traditional\stdclib\ultoa.asm
                jTstLowZ1   0x005462    program     static E:\3.46\pic18-lt\cxx-framework\src\traditional\stdclib\itoa.asm
                jTstSign1   0x0053c4    program     static E:\3.46\pic18-lt\cxx-framework\src\traditional\stdclib\itoa.asm
                     loop   0x005e70    program     static                          
                     loop   0x005c3e    program     static                          
                   loop_h   0x005e30    program     static E:\3.46\pic18-lt\cxx-framework\src\traditional\proc\p18f452.asm
                   loop_l   0x005e3a    program     static E:\3.46\pic18-lt\cxx-framework\src\traditional\proc\p18f452.asm
                   ltoBCD   0x0055d6    program     extern E:\3.46\pic18-lt\cxx-framework\src\traditional\stdclib\ltobcd.asm
                     main   0x005232    program     extern C:\Users\Chan\Desktop\rec\1 NTFS\ECNG3006\L02_815009698_Q5.X\code_lab2_5.C
                   memset   0x005da0    program     extern E:\3.46\pic18-lt\cxx-framework\src\traditional\stdclib\memset.asm
                putrsXLCD   0x0058d8    program     extern C:\Users\Chan\Desktop\rec\1 NTFS\ECNG3006\L02_815009698_Q5.X\putrxlcd.c
                 putsXLCD   0x005b32    program     extern C:\Users\Chan\Desktop\rec\1 NTFS\ECNG3006\L02_815009698_Q5.X\putsxlcd.c
                     test   0x005854    program     static                          
                    ultoa   0x0054cc    program     extern E:\3.46\pic18-lt\cxx-framework\src\traditional\stdclib\ultoa.asm
               zero_block   0x005e30    program     static E:\3.46\pic18-lt\cxx-framework\src\traditional\proc\p18f452.asm
                   ADCON0   0x000fc2       data     extern E:\3.46\pic18-lt\cxx-framework\src\traditional\proc\p18f452.asm
               ADCON0bits   0x000fc2       data     extern E:\3.46\pic18-lt\cxx-framework\src\traditional\proc\p18f452.asm
                   ADCON1   0x000fc1       data     extern E:\3.46\pic18-lt\cxx-framework\src\traditional\proc\p18f452.asm
               ADCON1bits   0x000fc1       data     extern E:\3.46\pic18-lt\cxx-framework\src\traditional\proc\p18f452.asm
                    ADRES   0x000fc3       data     extern E:\3.46\pic18-lt\cxx-framework\src\traditional\proc\p18f452.asm
                   ADRESH   0x000fc4       data     extern E:\3.46\pic18-lt\cxx-framework\src\traditional\proc\p18f452.asm
                   ADRESL   0x000fc3       data     extern E:\3.46\pic18-lt\cxx-framework\src\traditional\proc\p18f452.asm
                  BDirSem   0x0003be       data     extern C:\Users\Chan\Desktop\rec\1 NTFS\ECNG3006\L02_815009698_Q5.X\code_lab2_5.C
                      BSR   0x000fe0       data     extern E:\3.46\pic18-lt\cxx-framework\src\traditional\proc\p18f452.asm
                  CCP1CON   0x000fbd       data     extern E:\3.46\pic18-lt\cxx-framework\src\traditional\proc\p18f452.asm
              CCP1CONbits   0x000fbd       data     extern E:\3.46\pic18-lt\cxx-framework\src\traditional\proc\p18f452.asm
                  CCP2CON   0x000fba       data     extern E:\3.46\pic18-lt\cxx-framework\src\traditional\proc\p18f452.asm
              CCP2CONbits   0x000fba       data     extern E:\3.46\pic18-lt\cxx-framework\src\traditional\proc\p18f452.asm
                    CCPR1   0x000fbe       data     extern E:\3.46\pic18-lt\cxx-framework\src\traditional\proc\p18f452.asm
                   CCPR1H   0x000fbf       data     extern E:\3.46\pic18-lt\cxx-framework\src\traditional\proc\p18f452.asm
                   CCPR1L   0x000fbe       data     extern E:\3.46\pic18-lt\cxx-framework\src\traditional\proc\p18f452.asm
                    CCPR2   0x000fbb       data     extern E:\3.46\pic18-lt\cxx-framework\src\traditional\proc\p18f452.asm
                   CCPR2H   0x000fbc       data     extern E:\3.46\pic18-lt\cxx-framework\src\traditional\proc\p18f452.asm
                   CCPR2L   0x000fbb       data     extern E:\3.46\pic18-lt\cxx-framework\src\traditional\proc\p18f452.asm
              CountingSem   0x0003ba       data     extern C:\Users\Chan\Desktop\rec\1 NTFS\ECNG3006\L02_815009698_Q5.X\code_lab2_5.C
                     DDRA   0x000f92       data     extern E:\3.46\pic18-lt\cxx-framework\src\traditional\proc\p18f452.asm
                 DDRAbits   0x000f92       data     extern E:\3.46\pic18-lt\cxx-framework\src\traditional\proc\p18f452.asm
                     DDRB   0x000f93       data     extern E:\3.46\pic18-lt\cxx-framework\src\traditional\proc\p18f452.asm
                 DDRBbits   0x000f93       data     extern E:\3.46\pic18-lt\cxx-framework\src\traditional\proc\p18f452.asm
                     DDRC   0x000f94       data     extern E:\3.46\pic18-lt\cxx-framework\src\traditional\proc\p18f452.asm
                 DDRCbits   0x000f94       data     extern E:\3.46\pic18-lt\cxx-framework\src\traditional\proc\p18f452.asm
                     DDRD   0x000f95       data     extern E:\3.46\pic18-lt\cxx-framework\src\traditional\proc\p18f452.asm
                 DDRDbits   0x000f95       data     extern E:\3.46\pic18-lt\cxx-framework\src\traditional\proc\p18f452.asm
                     DDRE   0x000f96       data     extern E:\3.46\pic18-lt\cxx-framework\src\traditional\proc\p18f452.asm
                 DDREbits   0x000f96       data     extern E:\3.46\pic18-lt\cxx-framework\src\traditional\proc\p18f452.asm
            DelayCounter1   0x000025       data     extern E:\3.46\pic18-lt\cxx-framework\src\traditional\delays\delayd1.asm
            DelayCounter2   0x000024       data     extern E:\3.46\pic18-lt\cxx-framework\src\traditional\delays\delayd2.asm
                    EEADR   0x000fa9       data     extern E:\3.46\pic18-lt\cxx-framework\src\traditional\proc\p18f452.asm
                   EECON1   0x000fa6       data     extern E:\3.46\pic18-lt\cxx-framework\src\traditional\proc\p18f452.asm
               EECON1bits   0x000fa6       data     extern E:\3.46\pic18-lt\cxx-framework\src\traditional\proc\p18f452.asm
                   EECON2   0x000fa7       data     extern E:\3.46\pic18-lt\cxx-framework\src\traditional\proc\p18f452.asm
                   EEDATA   0x000fa8       data     extern E:\3.46\pic18-lt\cxx-framework\src\traditional\proc\p18f452.asm
                  FDirSem   0x0003bc       data     extern C:\Users\Chan\Desktop\rec\1 NTFS\ECNG3006\L02_815009698_Q5.X\code_lab2_5.C
                     FSR0   0x000fe9       data     extern E:\3.46\pic18-lt\cxx-framework\src\traditional\proc\p18f452.asm
                    FSR0H   0x000fea       data     extern E:\3.46\pic18-lt\cxx-framework\src\traditional\proc\p18f452.asm
                    FSR0L   0x000fe9       data     extern E:\3.46\pic18-lt\cxx-framework\src\traditional\proc\p18f452.asm
                     FSR1   0x000fe1       data     extern E:\3.46\pic18-lt\cxx-framework\src\traditional\proc\p18f452.asm
                    FSR1H   0x000fe2       data     extern E:\3.46\pic18-lt\cxx-framework\src\traditional\proc\p18f452.asm
                    FSR1L   0x000fe1       data     extern E:\3.46\pic18-lt\cxx-framework\src\traditional\proc\p18f452.asm
                     FSR2   0x000fd9       data     extern E:\3.46\pic18-lt\cxx-framework\src\traditional\proc\p18f452.asm
                    FSR2H   0x000fda       data     extern E:\3.46\pic18-lt\cxx-framework\src\traditional\proc\p18f452.asm
                    FSR2L   0x000fd9       data     extern E:\3.46\pic18-lt\cxx-framework\src\traditional\proc\p18f452.asm
                    INDF0   0x000fef       data     extern E:\3.46\pic18-lt\cxx-framework\src\traditional\proc\p18f452.asm
                    INDF1   0x000fe7       data     extern E:\3.46\pic18-lt\cxx-framework\src\traditional\proc\p18f452.asm
                    INDF2   0x000fdf       data     extern E:\3.46\pic18-lt\cxx-framework\src\traditional\proc\p18f452.asm
                   INTCON   0x000ff2       data     extern E:\3.46\pic18-lt\cxx-framework\src\traditional\proc\p18f452.asm
                  INTCON1   0x000ff2       data     extern E:\3.46\pic18-lt\cxx-framework\src\traditional\proc\p18f452.asm
              INTCON1bits   0x000ff2       data     extern E:\3.46\pic18-lt\cxx-framework\src\traditional\proc\p18f452.asm
                  INTCON2   0x000ff1       data     extern E:\3.46\pic18-lt\cxx-framework\src\traditional\proc\p18f452.asm
              INTCON2bits   0x000ff1       data     extern E:\3.46\pic18-lt\cxx-framework\src\traditional\proc\p18f452.asm
                  INTCON3   0x000ff0       data     extern E:\3.46\pic18-lt\cxx-framework\src\traditional\proc\p18f452.asm
              INTCON3bits   0x000ff0       data     extern E:\3.46\pic18-lt\cxx-framework\src\traditional\proc\p18f452.asm
               INTCONbits   0x000ff2       data     extern E:\3.46\pic18-lt\cxx-framework\src\traditional\proc\p18f452.asm
                     IPR1   0x000f9f       data     extern E:\3.46\pic18-lt\cxx-framework\src\traditional\proc\p18f452.asm
                 IPR1bits   0x000f9f       data     extern E:\3.46\pic18-lt\cxx-framework\src\traditional\proc\p18f452.asm
                     IPR2   0x000fa2       data     extern E:\3.46\pic18-lt\cxx-framework\src\traditional\proc\p18f452.asm
                 IPR2bits   0x000fa2       data     extern E:\3.46\pic18-lt\cxx-framework\src\traditional\proc\p18f452.asm
                     LATA   0x000f89       data     extern E:\3.46\pic18-lt\cxx-framework\src\traditional\proc\p18f452.asm
                 LATAbits   0x000f89       data     extern E:\3.46\pic18-lt\cxx-framework\src\traditional\proc\p18f452.asm
                     LATB   0x000f8a       data     extern E:\3.46\pic18-lt\cxx-framework\src\traditional\proc\p18f452.asm
                 LATBbits   0x000f8a       data     extern E:\3.46\pic18-lt\cxx-framework\src\traditional\proc\p18f452.asm
                     LATC   0x000f8b       data     extern E:\3.46\pic18-lt\cxx-framework\src\traditional\proc\p18f452.asm
                 LATCbits   0x000f8b       data     extern E:\3.46\pic18-lt\cxx-framework\src\traditional\proc\p18f452.asm
                     LATD   0x000f8c       data     extern E:\3.46\pic18-lt\cxx-framework\src\traditional\proc\p18f452.asm
                 LATDbits   0x000f8c       data     extern E:\3.46\pic18-lt\cxx-framework\src\traditional\proc\p18f452.asm
                     LATE   0x000f8d       data     extern E:\3.46\pic18-lt\cxx-framework\src\traditional\proc\p18f452.asm
                 LATEbits   0x000f8d       data     extern E:\3.46\pic18-lt\cxx-framework\src\traditional\proc\p18f452.asm
                   LVDCON   0x000fd2       data     extern E:\3.46\pic18-lt\cxx-framework\src\traditional\proc\p18f452.asm
               LVDCONbits   0x000fd2       data     extern E:\3.46\pic18-lt\cxx-framework\src\traditional\proc\p18f452.asm
                   OSCCON   0x000fd3       data     extern E:\3.46\pic18-lt\cxx-framework\src\traditional\proc\p18f452.asm
               OSCCONbits   0x000fd3       data     extern E:\3.46\pic18-lt\cxx-framework\src\traditional\proc\p18f452.asm
               OSCPUUsage   0x000106       data     extern C:\Users\Chan\Desktop\rec\1 NTFS\ECNG3006\L02_815009698_Q5.X\uCOS_II.H
               OSCtxSwCtr   0x0000b0       data     extern C:\Users\Chan\Desktop\rec\1 NTFS\ECNG3006\L02_815009698_Q5.X\uCOS_II.H
          OSEventFreeList   0x0000b4       data     extern C:\Users\Chan\Desktop\rec\1 NTFS\ECNG3006\L02_815009698_Q5.X\uCOS_II.H
               OSEventTbl   0x0000b6       data     extern C:\Users\Chan\Desktop\rec\1 NTFS\ECNG3006\L02_815009698_Q5.X\uCOS_II.H
                OSIdleCtr   0x00017e       data     extern C:\Users\Chan\Desktop\rec\1 NTFS\ECNG3006\L02_815009698_Q5.X\uCOS_II.H
             OSIdleCtrMax   0x000107       data     extern C:\Users\Chan\Desktop\rec\1 NTFS\ECNG3006\L02_815009698_Q5.X\uCOS_II.H
             OSIdleCtrRun   0x00010b       data     extern C:\Users\Chan\Desktop\rec\1 NTFS\ECNG3006\L02_815009698_Q5.X\uCOS_II.H
               OSIntExitY   0x000175       data     extern C:\Users\Chan\Desktop\rec\1 NTFS\ECNG3006\L02_815009698_Q5.X\uCOS_II.H
             OSIntNesting   0x000174       data     extern C:\Users\Chan\Desktop\rec\1 NTFS\ECNG3006\L02_815009698_Q5.X\uCOS_II.H
            OSLockNesting   0x000176       data     extern C:\Users\Chan\Desktop\rec\1 NTFS\ECNG3006\L02_815009698_Q5.X\uCOS_II.H
                OSPrioCur   0x000177       data     extern C:\Users\Chan\Desktop\rec\1 NTFS\ECNG3006\L02_815009698_Q5.X\uCOS_II.H
            OSPrioHighRdy   0x000178       data     extern C:\Users\Chan\Desktop\rec\1 NTFS\ECNG3006\L02_815009698_Q5.X\uCOS_II.H
              OSQFreeList   0x000382       data     extern C:\Users\Chan\Desktop\rec\1 NTFS\ECNG3006\L02_815009698_Q5.X\uCOS_II.H
                   OSQTbl   0x000384       data     extern C:\Users\Chan\Desktop\rec\1 NTFS\ECNG3006\L02_815009698_Q5.X\uCOS_II.H
                 OSRdyGrp   0x000179       data     extern C:\Users\Chan\Desktop\rec\1 NTFS\ECNG3006\L02_815009698_Q5.X\uCOS_II.H
                 OSRdyTbl   0x00017a       data     extern C:\Users\Chan\Desktop\rec\1 NTFS\ECNG3006\L02_815009698_Q5.X\uCOS_II.H
                OSRunning   0x00017c       data     extern C:\Users\Chan\Desktop\rec\1 NTFS\ECNG3006\L02_815009698_Q5.X\uCOS_II.H
                OSStatRdy   0x00010f       data     extern C:\Users\Chan\Desktop\rec\1 NTFS\ECNG3006\L02_815009698_Q5.X\uCOS_II.H
                 OSTCBCur   0x0001e6       data     extern C:\Users\Chan\Desktop\rec\1 NTFS\ECNG3006\L02_815009698_Q5.X\uCOS_II.H
            OSTCBFreeList   0x0001e8       data     extern C:\Users\Chan\Desktop\rec\1 NTFS\ECNG3006\L02_815009698_Q5.X\uCOS_II.H
             OSTCBHighRdy   0x0001ea       data     extern C:\Users\Chan\Desktop\rec\1 NTFS\ECNG3006\L02_815009698_Q5.X\uCOS_II.H
                OSTCBList   0x0001ec       data     extern C:\Users\Chan\Desktop\rec\1 NTFS\ECNG3006\L02_815009698_Q5.X\uCOS_II.H
             OSTCBPrioTbl   0x0001ee       data     extern C:\Users\Chan\Desktop\rec\1 NTFS\ECNG3006\L02_815009698_Q5.X\uCOS_II.H
                 OSTCBTbl   0x00020e       data     extern C:\Users\Chan\Desktop\rec\1 NTFS\ECNG3006\L02_815009698_Q5.X\uCOS_II.H
                OSTaskCtr   0x00017d       data     extern C:\Users\Chan\Desktop\rec\1 NTFS\ECNG3006\L02_815009698_Q5.X\uCOS_II.H
            OSTaskIdleStk   0x000182       data     extern C:\Users\Chan\Desktop\rec\1 NTFS\ECNG3006\L02_815009698_Q5.X\uCOS_II.H
            OSTaskStatStk   0x000110       data     extern C:\Users\Chan\Desktop\rec\1 NTFS\ECNG3006\L02_815009698_Q5.X\uCOS_II.H
                   OSTime   0x0003a0       data     extern C:\Users\Chan\Desktop\rec\1 NTFS\ECNG3006\L02_815009698_Q5.X\uCOS_II.H
                       PC   0x000ff9       data     extern E:\3.46\pic18-lt\cxx-framework\src\traditional\proc\p18f452.asm
                      PCL   0x000ff9       data     extern E:\3.46\pic18-lt\cxx-framework\src\traditional\proc\p18f452.asm
                   PCLATH   0x000ffa       data     extern E:\3.46\pic18-lt\cxx-framework\src\traditional\proc\p18f452.asm
                   PCLATU   0x000ffb       data     extern E:\3.46\pic18-lt\cxx-framework\src\traditional\proc\p18f452.asm
                     PIE1   0x000f9d       data     extern E:\3.46\pic18-lt\cxx-framework\src\traditional\proc\p18f452.asm
                 PIE1bits   0x000f9d       data     extern E:\3.46\pic18-lt\cxx-framework\src\traditional\proc\p18f452.asm
                     PIE2   0x000fa0       data     extern E:\3.46\pic18-lt\cxx-framework\src\traditional\proc\p18f452.asm
                 PIE2bits   0x000fa0       data     extern E:\3.46\pic18-lt\cxx-framework\src\traditional\proc\p18f452.asm
                     PIR1   0x000f9e       data     extern E:\3.46\pic18-lt\cxx-framework\src\traditional\proc\p18f452.asm
                 PIR1bits   0x000f9e       data     extern E:\3.46\pic18-lt\cxx-framework\src\traditional\proc\p18f452.asm
                     PIR2   0x000fa1       data     extern E:\3.46\pic18-lt\cxx-framework\src\traditional\proc\p18f452.asm
                 PIR2bits   0x000fa1       data     extern E:\3.46\pic18-lt\cxx-framework\src\traditional\proc\p18f452.asm
                   PLUSW0   0x000feb       data     extern E:\3.46\pic18-lt\cxx-framework\src\traditional\proc\p18f452.asm
                   PLUSW1   0x000fe3       data     extern E:\3.46\pic18-lt\cxx-framework\src\traditional\proc\p18f452.asm
                   PLUSW2   0x000fdb       data     extern E:\3.46\pic18-lt\cxx-framework\src\traditional\proc\p18f452.asm
                    PORTA   0x000f80       data     extern E:\3.46\pic18-lt\cxx-framework\src\traditional\proc\p18f452.asm
                PORTAbits   0x000f80       data     extern E:\3.46\pic18-lt\cxx-framework\src\traditional\proc\p18f452.asm
                    PORTB   0x000f81       data     extern E:\3.46\pic18-lt\cxx-framework\src\traditional\proc\p18f452.asm
                PORTBbits   0x000f81       data     extern E:\3.46\pic18-lt\cxx-framework\src\traditional\proc\p18f452.asm
                    PORTC   0x000f82       data     extern E:\3.46\pic18-lt\cxx-framework\src\traditional\proc\p18f452.asm
                PORTCbits   0x000f82       data     extern E:\3.46\pic18-lt\cxx-framework\src\traditional\proc\p18f452.asm
                    PORTD   0x000f83       data     extern E:\3.46\pic18-lt\cxx-framework\src\traditional\proc\p18f452.asm
                PORTDbits   0x000f83       data     extern E:\3.46\pic18-lt\cxx-framework\src\traditional\proc\p18f452.asm
                    PORTE   0x000f84       data     extern E:\3.46\pic18-lt\cxx-framework\src\traditional\proc\p18f452.asm
                PORTEbits   0x000f84       data     extern E:\3.46\pic18-lt\cxx-framework\src\traditional\proc\p18f452.asm
                 POSTDEC0   0x000fed       data     extern E:\3.46\pic18-lt\cxx-framework\src\traditional\proc\p18f452.asm
                 POSTDEC1   0x000fe5       data     extern E:\3.46\pic18-lt\cxx-framework\src\traditional\proc\p18f452.asm
                 POSTDEC2   0x000fdd       data     extern E:\3.46\pic18-lt\cxx-framework\src\traditional\proc\p18f452.asm
                 POSTINC0   0x000fee       data     extern E:\3.46\pic18-lt\cxx-framework\src\traditional\proc\p18f452.asm
                 POSTINC1   0x000fe6       data     extern E:\3.46\pic18-lt\cxx-framework\src\traditional\proc\p18f452.asm
                 POSTINC2   0x000fde       data     extern E:\3.46\pic18-lt\cxx-framework\src\traditional\proc\p18f452.asm
                      PR2   0x000fcb       data     extern E:\3.46\pic18-lt\cxx-framework\src\traditional\proc\p18f452.asm
                  PREINC0   0x000fec       data     extern E:\3.46\pic18-lt\cxx-framework\src\traditional\proc\p18f452.asm
                  PREINC1   0x000fe4       data     extern E:\3.46\pic18-lt\cxx-framework\src\traditional\proc\p18f452.asm
                  PREINC2   0x000fdc       data     extern E:\3.46\pic18-lt\cxx-framework\src\traditional\proc\p18f452.asm
                     PROD   0x000ff3       data     extern E:\3.46\pic18-lt\cxx-framework\src\traditional\proc\p18f452.asm
                    PRODH   0x000ff4       data     extern E:\3.46\pic18-lt\cxx-framework\src\traditional\proc\p18f452.asm
                    PRODL   0x000ff3       data     extern E:\3.46\pic18-lt\cxx-framework\src\traditional\proc\p18f452.asm
                    Queue   0x0003b6       data     extern C:\Users\Chan\Desktop\rec\1 NTFS\ECNG3006\L02_815009698_Q5.X\code_lab2_5.C
                QueueData   0x0003b4       data     extern C:\Users\Chan\Desktop\rec\1 NTFS\ECNG3006\L02_815009698_Q5.X\code_lab2_5.C
             QueueMessage   0x0003b3       data     static C:\Users\Chan\Desktop\rec\1 NTFS\ECNG3006\L02_815009698_Q5.X\code_lab2_5.C
              QueueNumber   0x0003b2       data     extern C:\Users\Chan\Desktop\rec\1 NTFS\ECNG3006\L02_815009698_Q5.X\code_lab2_5.C
                     RCON   0x000fd0       data     extern E:\3.46\pic18-lt\cxx-framework\src\traditional\proc\p18f452.asm
                 RCONbits   0x000fd0       data     extern E:\3.46\pic18-lt\cxx-framework\src\traditional\proc\p18f452.asm
                    RCREG   0x000fae       data     extern E:\3.46\pic18-lt\cxx-framework\src\traditional\proc\p18f452.asm
                    RCSTA   0x000fab       data     extern E:\3.46\pic18-lt\cxx-framework\src\traditional\proc\p18f452.asm
                RCSTAbits   0x000fab       data     extern E:\3.46\pic18-lt\cxx-framework\src\traditional\proc\p18f452.asm
                     SIGN   0x000022       data     extern E:\3.46\pic18-lt\cxx-framework\src\traditional\math\cmath18.asm
                    SPBRG   0x000faf       data     extern E:\3.46\pic18-lt\cxx-framework\src\traditional\proc\p18f452.asm
                   SSPADD   0x000fc8       data     extern E:\3.46\pic18-lt\cxx-framework\src\traditional\proc\p18f452.asm
                   SSPBUF   0x000fc9       data     extern E:\3.46\pic18-lt\cxx-framework\src\traditional\proc\p18f452.asm
                  SSPCON1   0x000fc6       data     extern E:\3.46\pic18-lt\cxx-framework\src\traditional\proc\p18f452.asm
              SSPCON1bits   0x000fc6       data     extern E:\3.46\pic18-lt\cxx-framework\src\traditional\proc\p18f452.asm
                  SSPCON2   0x000fc5       data     extern E:\3.46\pic18-lt\cxx-framework\src\traditional\proc\p18f452.asm
              SSPCON2bits   0x000fc5       data     extern E:\3.46\pic18-lt\cxx-framework\src\traditional\proc\p18f452.asm
                  SSPSTAT   0x000fc7       data     extern E:\3.46\pic18-lt\cxx-framework\src\traditional\proc\p18f452.asm
              SSPSTATbits   0x000fc7       data     extern E:\3.46\pic18-lt\cxx-framework\src\traditional\proc\p18f452.asm
                   STATUS   0x000fd8       data     extern E:\3.46\pic18-lt\cxx-framework\src\traditional\proc\p18f452.asm
               STATUSbits   0x000fd8       data     extern E:\3.46\pic18-lt\cxx-framework\src\traditional\proc\p18f452.asm
                   STKPTR   0x000ffc       data     extern E:\3.46\pic18-lt\cxx-framework\src\traditional\proc\p18f452.asm
               STKPTRbits   0x000ffc       data     extern E:\3.46\pic18-lt\cxx-framework\src\traditional\proc\p18f452.asm
                      Sem   0x0003b8       data     extern C:\Users\Chan\Desktop\rec\1 NTFS\ECNG3006\L02_815009698_Q5.X\code_lab2_5.C
                    T0CON   0x000fd5       data     extern E:\3.46\pic18-lt\cxx-framework\src\traditional\proc\p18f452.asm
                T0CONbits   0x000fd5       data     extern E:\3.46\pic18-lt\cxx-framework\src\traditional\proc\p18f452.asm
                    T1CON   0x000fcd       data     extern E:\3.46\pic18-lt\cxx-framework\src\traditional\proc\p18f452.asm
                T1CONbits   0x000fcd       data     extern E:\3.46\pic18-lt\cxx-framework\src\traditional\proc\p18f452.asm
                    T2CON   0x000fca       data     extern E:\3.46\pic18-lt\cxx-framework\src\traditional\proc\p18f452.asm
                T2CONbits   0x000fca       data     extern E:\3.46\pic18-lt\cxx-framework\src\traditional\proc\p18f452.asm
                    T3CON   0x000fb1       data     extern E:\3.46\pic18-lt\cxx-framework\src\traditional\proc\p18f452.asm
                T3CONbits   0x000fb1       data     extern E:\3.46\pic18-lt\cxx-framework\src\traditional\proc\p18f452.asm
                   TABLAT   0x000ff5       data     extern E:\3.46\pic18-lt\cxx-framework\src\traditional\proc\p18f452.asm
                   TBLPTR   0x000ff6       data     extern E:\3.46\pic18-lt\cxx-framework\src\traditional\proc\p18f452.asm
                  TBLPTRH   0x000ff7       data     extern E:\3.46\pic18-lt\cxx-framework\src\traditional\proc\p18f452.asm
                  TBLPTRL   0x000ff6       data     extern E:\3.46\pic18-lt\cxx-framework\src\traditional\proc\p18f452.asm
                  TBLPTRU   0x000ff8       data     extern E:\3.46\pic18-lt\cxx-framework\src\traditional\proc\p18f452.asm
                    TMR0H   0x000fd7       data     extern E:\3.46\pic18-lt\cxx-framework\src\traditional\proc\p18f452.asm
                    TMR0L   0x000fd6       data     extern E:\3.46\pic18-lt\cxx-framework\src\traditional\proc\p18f452.asm
                    TMR1H   0x000fcf       data     extern E:\3.46\pic18-lt\cxx-framework\src\traditional\proc\p18f452.asm
                    TMR1L   0x000fce       data     extern E:\3.46\pic18-lt\cxx-framework\src\traditional\proc\p18f452.asm
                     TMR2   0x000fcc       data     extern E:\3.46\pic18-lt\cxx-framework\src\traditional\proc\p18f452.asm
                    TMR3H   0x000fb3       data     extern E:\3.46\pic18-lt\cxx-framework\src\traditional\proc\p18f452.asm
                    TMR3L   0x000fb2       data     extern E:\3.46\pic18-lt\cxx-framework\src\traditional\proc\p18f452.asm
                      TOS   0x000ffd       data     extern E:\3.46\pic18-lt\cxx-framework\src\traditional\proc\p18f452.asm
                     TOSH   0x000ffe       data     extern E:\3.46\pic18-lt\cxx-framework\src\traditional\proc\p18f452.asm
                     TOSL   0x000ffd       data     extern E:\3.46\pic18-lt\cxx-framework\src\traditional\proc\p18f452.asm
                     TOSU   0x000fff       data     extern E:\3.46\pic18-lt\cxx-framework\src\traditional\proc\p18f452.asm
                    TRISA   0x000f92       data     extern E:\3.46\pic18-lt\cxx-framework\src\traditional\proc\p18f452.asm
                TRISAbits   0x000f92       data     extern E:\3.46\pic18-lt\cxx-framework\src\traditional\proc\p18f452.asm
                    TRISB   0x000f93       data     extern E:\3.46\pic18-lt\cxx-framework\src\traditional\proc\p18f452.asm
                TRISBbits   0x000f93       data     extern E:\3.46\pic18-lt\cxx-framework\src\traditional\proc\p18f452.asm
                    TRISC   0x000f94       data     extern E:\3.46\pic18-lt\cxx-framework\src\traditional\proc\p18f452.asm
                TRISCbits   0x000f94       data     extern E:\3.46\pic18-lt\cxx-framework\src\traditional\proc\p18f452.asm
                    TRISD   0x000f95       data     extern E:\3.46\pic18-lt\cxx-framework\src\traditional\proc\p18f452.asm
                TRISDbits   0x000f95       data     extern E:\3.46\pic18-lt\cxx-framework\src\traditional\proc\p18f452.asm
                    TRISE   0x000f96       data     extern E:\3.46\pic18-lt\cxx-framework\src\traditional\proc\p18f452.asm
                TRISEbits   0x000f96       data     extern E:\3.46\pic18-lt\cxx-framework\src\traditional\proc\p18f452.asm
                    TXREG   0x000fad       data     extern E:\3.46\pic18-lt\cxx-framework\src\traditional\proc\p18f452.asm
                    TXSTA   0x000fac       data     extern E:\3.46\pic18-lt\cxx-framework\src\traditional\proc\p18f452.asm
                TXSTAbits   0x000fac       data     extern E:\3.46\pic18-lt\cxx-framework\src\traditional\proc\p18f452.asm
                 TaskAStk   0x0003c2       data     extern C:\Users\Chan\Desktop\rec\1 NTFS\ECNG3006\L02_815009698_Q5.X\code_lab2_5.C
                 TaskBStk   0x00048a       data     extern C:\Users\Chan\Desktop\rec\1 NTFS\ECNG3006\L02_815009698_Q5.X\code_lab2_5.C
                        W   0x000fe8       data     extern E:\3.46\pic18-lt\cxx-framework\src\traditional\proc\p18f452.asm
                   WDTCON   0x000fd1       data     extern E:\3.46\pic18-lt\cxx-framework\src\traditional\proc\p18f452.asm
               WDTCONbits   0x000fd1       data     extern E:\3.46\pic18-lt\cxx-framework\src\traditional\proc\p18f452.asm
                     WREG   0x000fe8       data     extern E:\3.46\pic18-lt\cxx-framework\src\traditional\proc\p18f452.asm
                 __AARGB0   0x00001b       data     extern E:\3.46\pic18-lt\cxx-framework\src\traditional\math\aarg.asm
                 __AARGB1   0x00001a       data     extern E:\3.46\pic18-lt\cxx-framework\src\traditional\math\aarg.asm
                 __AARGB2   0x000019       data     extern E:\3.46\pic18-lt\cxx-framework\src\traditional\math\aarg.asm
                 __AARGB3   0x000018       data     extern E:\3.46\pic18-lt\cxx-framework\src\traditional\math\aarg.asm
                 __AARGB4   0x000017       data     extern E:\3.46\pic18-lt\cxx-framework\src\traditional\math\aarg.asm
                 __AARGB5   0x000016       data     extern E:\3.46\pic18-lt\cxx-framework\src\traditional\math\aarg.asm
                 __AARGB6   0x000015       data     extern E:\3.46\pic18-lt\cxx-framework\src\traditional\math\aarg.asm
                 __AARGB7   0x000014       data     extern E:\3.46\pic18-lt\cxx-framework\src\traditional\math\aarg.asm
                   __AEXP   0x00001c       data     extern E:\3.46\pic18-lt\cxx-framework\src\traditional\math\aarg.asm
                 __BARGB0   0x000020       data     extern E:\3.46\pic18-lt\cxx-framework\src\traditional\math\barg.asm
                 __BARGB1   0x00001f       data     extern E:\3.46\pic18-lt\cxx-framework\src\traditional\math\barg.asm
                 __BARGB2   0x00001e       data     extern E:\3.46\pic18-lt\cxx-framework\src\traditional\math\barg.asm
                 __BARGB3   0x00001d       data     extern E:\3.46\pic18-lt\cxx-framework\src\traditional\math\barg.asm
                   __BEXP   0x000021       data     extern E:\3.46\pic18-lt\cxx-framework\src\traditional\math\barg.asm
                __FPFLAGS   0x000023       data     extern E:\3.46\pic18-lt\cxx-framework\src\traditional\math\cmath18.asm
            __FPFLAGSbits   0x000023       data     extern E:\3.46\pic18-lt\cxx-framework\src\traditional\math\cmath18.asm
                  __REMB0   0x000017       data     extern E:\3.46\pic18-lt\cxx-framework\src\traditional\math\aarg.asm
                  __REMB1   0x000016       data     extern E:\3.46\pic18-lt\cxx-framework\src\traditional\math\aarg.asm
                  __REMB2   0x000015       data     extern E:\3.46\pic18-lt\cxx-framework\src\traditional\math\aarg.asm
                  __REMB3   0x000014       data     extern E:\3.46\pic18-lt\cxx-framework\src\traditional\math\aarg.asm
                  __tmp_0   0x000000       data     static C:\Users\Chan\Desktop\rec\1 NTFS\ECNG3006\L02_815009698_Q5.X\code_lab2_5.C
                  __tmp_0   0x000000       data     static C:\Users\Chan\Desktop\rec\1 NTFS\ECNG3006\L02_815009698_Q5.X\os_time.c
                  __tmp_0   0x000000       data     static C:\Users\Chan\Desktop\rec\1 NTFS\ECNG3006\L02_815009698_Q5.X\OS_CPU_C.C
                curr_byte   0x000578       data     static E:\3.46\pic18-lt\cxx-framework\src\traditional\startup\c018i.c
               curr_entry   0x00057a       data     static E:\3.46\pic18-lt\cxx-framework\src\traditional\startup\c018i.c
                 data_ptr   0x00057c       data     static E:\3.46\pic18-lt\cxx-framework\src\traditional\startup\c018i.c
            myArrayofMsgs   0x0003c0       data     extern C:\Users\Chan\Desktop\rec\1 NTFS\ECNG3006\L02_815009698_Q5.X\code_lab2_5.C
                     prom   0x000575       data     static E:\3.46\pic18-lt\cxx-framework\src\traditional\startup\c018i.c
                  stopped   0x000574       data     extern C:\Users\Chan\Desktop\rec\1 NTFS\ECNG3006\L02_815009698_Q5.X\code_lab2_5.C
            taskA_welcome   0x000552       data     static C:\Users\Chan\Desktop\rec\1 NTFS\ECNG3006\L02_815009698_Q5.X\code_lab2_5.C
            taskB_welcome   0x000563       data     static C:\Users\Chan\Desktop\rec\1 NTFS\ECNG3006\L02_815009698_Q5.X\code_lab2_5.C
                timestamp   0x0003a4       data     static C:\Users\Chan\Desktop\rec\1 NTFS\ECNG3006\L02_815009698_Q5.X\code_lab2_5.C
             timestampint   0x0003ae       data     extern C:\Users\Chan\Desktop\rec\1 NTFS\ECNG3006\L02_815009698_Q5.X\code_lab2_5.C



                              Symbols - Sorted by Address
                     Name    Address   Location    Storage File                     
                ---------  ---------  ---------  --------- ---------                
                   _entry   0x000000    program     extern E:\3.46\pic18-lt\cxx-framework\src\traditional\startup\c018i.c
       ___return_lbl00000   0x000004    program     static                          
            CPUhighVector   0x000008    program     extern C:\Users\Chan\Desktop\rec\1 NTFS\ECNG3006\L02_815009698_Q5.X\OS_CPU_C.C
       ___return_lbl00024   0x000012    program     static                          
             CPUlowVector   0x000018    program     extern C:\Users\Chan\Desktop\rec\1 NTFS\ECNG3006\L02_815009698_Q5.X\OS_CPU_C.C
       ___return_lbl00025   0x00001c    program     static                          
                   OSInit   0x000038    program     extern C:\Users\Chan\Desktop\rec\1 NTFS\ECNG3006\L02_815009698_Q5.X\os_core.c
               OSIntEnter   0x00005e    program     extern C:\Users\Chan\Desktop\rec\1 NTFS\ECNG3006\L02_815009698_Q5.X\os_core.c
                OSIntExit   0x000082    program     extern C:\Users\Chan\Desktop\rec\1 NTFS\ECNG3006\L02_815009698_Q5.X\os_core.c
              OSSchedLock   0x00018e    program     extern C:\Users\Chan\Desktop\rec\1 NTFS\ECNG3006\L02_815009698_Q5.X\os_core.c
            OSSchedUnlock   0x0001e2    program     extern C:\Users\Chan\Desktop\rec\1 NTFS\ECNG3006\L02_815009698_Q5.X\os_core.c
                  OSStart   0x000242    program     extern C:\Users\Chan\Desktop\rec\1 NTFS\ECNG3006\L02_815009698_Q5.X\os_core.c
               OSStatInit   0x000324    program     extern C:\Users\Chan\Desktop\rec\1 NTFS\ECNG3006\L02_815009698_Q5.X\os_core.c
               OSTimeTick   0x0003a4    program     extern C:\Users\Chan\Desktop\rec\1 NTFS\ECNG3006\L02_815009698_Q5.X\os_core.c
                OSVersion   0x000536    program     extern C:\Users\Chan\Desktop\rec\1 NTFS\ECNG3006\L02_815009698_Q5.X\os_core.c
                 OS_Dummy   0x000540    program     extern C:\Users\Chan\Desktop\rec\1 NTFS\ECNG3006\L02_815009698_Q5.X\os_core.c
          OS_EventTaskRdy   0x000542    program     extern C:\Users\Chan\Desktop\rec\1 NTFS\ECNG3006\L02_815009698_Q5.X\os_core.c
         OS_EventTaskWait   0x0007a4    program     extern C:\Users\Chan\Desktop\rec\1 NTFS\ECNG3006\L02_815009698_Q5.X\os_core.c
               OS_EventTO   0x000882    program     extern C:\Users\Chan\Desktop\rec\1 NTFS\ECNG3006\L02_815009698_Q5.X\os_core.c
     OS_EventWaitListInit   0x00092e    program     extern C:\Users\Chan\Desktop\rec\1 NTFS\ECNG3006\L02_815009698_Q5.X\os_core.c
         OS_InitEventList   0x0009aa    program     static C:\Users\Chan\Desktop\rec\1 NTFS\ECNG3006\L02_815009698_Q5.X\os_core.c
              OS_InitMisc   0x000ac0    program     static C:\Users\Chan\Desktop\rec\1 NTFS\ECNG3006\L02_815009698_Q5.X\os_core.c
           OS_InitRdyList   0x000b08    program     static C:\Users\Chan\Desktop\rec\1 NTFS\ECNG3006\L02_815009698_Q5.X\os_core.c
          OS_InitTaskIdle   0x000bae    program     static C:\Users\Chan\Desktop\rec\1 NTFS\ECNG3006\L02_815009698_Q5.X\os_core.c
          OS_InitTaskStat   0x000c04    program     static C:\Users\Chan\Desktop\rec\1 NTFS\ECNG3006\L02_815009698_Q5.X\os_core.c
           OS_InitTCBList   0x000c5c    program     static C:\Users\Chan\Desktop\rec\1 NTFS\ECNG3006\L02_815009698_Q5.X\os_core.c
                 OS_Sched   0x000d90    program     extern C:\Users\Chan\Desktop\rec\1 NTFS\ECNG3006\L02_815009698_Q5.X\os_core.c
              OS_TaskIdle   0x000e90    program     extern C:\Users\Chan\Desktop\rec\1 NTFS\ECNG3006\L02_815009698_Q5.X\os_core.c
              OS_TaskStat   0x000eec    program     extern C:\Users\Chan\Desktop\rec\1 NTFS\ECNG3006\L02_815009698_Q5.X\os_core.c
               OS_TCBInit   0x0010ba    program     extern C:\Users\Chan\Desktop\rec\1 NTFS\ECNG3006\L02_815009698_Q5.X\os_core.c
                OSQAccept   0x00149e    program     extern C:\Users\Chan\Desktop\rec\1 NTFS\ECNG3006\L02_815009698_Q5.X\os_q.c
                OSQCreate   0x001640    program     extern C:\Users\Chan\Desktop\rec\1 NTFS\ECNG3006\L02_815009698_Q5.X\os_q.c
                   OSQDel   0x001890    program     extern C:\Users\Chan\Desktop\rec\1 NTFS\ECNG3006\L02_815009698_Q5.X\os_q.c
                 OSQFlush   0x001b48    program     extern C:\Users\Chan\Desktop\rec\1 NTFS\ECNG3006\L02_815009698_Q5.X\os_q.c
                  OSQPend   0x001c56    program     extern C:\Users\Chan\Desktop\rec\1 NTFS\ECNG3006\L02_815009698_Q5.X\os_q.c
                  OSQPost   0x001f4a    program     extern C:\Users\Chan\Desktop\rec\1 NTFS\ECNG3006\L02_815009698_Q5.X\os_q.c
             OSQPostFront   0x002150    program     extern C:\Users\Chan\Desktop\rec\1 NTFS\ECNG3006\L02_815009698_Q5.X\os_q.c
               OSQPostOpt   0x002362    program     extern C:\Users\Chan\Desktop\rec\1 NTFS\ECNG3006\L02_815009698_Q5.X\os_q.c
                 OSQQuery   0x00267c    program     extern C:\Users\Chan\Desktop\rec\1 NTFS\ECNG3006\L02_815009698_Q5.X\os_q.c
                 OS_QInit   0x0028c8    program     extern C:\Users\Chan\Desktop\rec\1 NTFS\ECNG3006\L02_815009698_Q5.X\os_q.c
              OSSemAccept   0x0029b6    program     extern C:\Users\Chan\Desktop\rec\1 NTFS\ECNG3006\L02_815009698_Q5.X\os_sem.c
              OSSemCreate   0x002a88    program     extern C:\Users\Chan\Desktop\rec\1 NTFS\ECNG3006\L02_815009698_Q5.X\os_sem.c
                 OSSemDel   0x002b7c    program     extern C:\Users\Chan\Desktop\rec\1 NTFS\ECNG3006\L02_815009698_Q5.X\os_sem.c
                OSSemPend   0x002db8    program     extern C:\Users\Chan\Desktop\rec\1 NTFS\ECNG3006\L02_815009698_Q5.X\os_sem.c
                OSSemPost   0x002f4a    program     extern C:\Users\Chan\Desktop\rec\1 NTFS\ECNG3006\L02_815009698_Q5.X\os_sem.c
               OSSemQuery   0x00304a    program     extern C:\Users\Chan\Desktop\rec\1 NTFS\ECNG3006\L02_815009698_Q5.X\os_sem.c
         OSTaskChangePrio   0x0031ca    program     extern C:\Users\Chan\Desktop\rec\1 NTFS\ECNG3006\L02_815009698_Q5.X\os_task.c
             OSTaskCreate   0x003636    program     extern C:\Users\Chan\Desktop\rec\1 NTFS\ECNG3006\L02_815009698_Q5.X\os_task.c
          OSTaskCreateExt   0x0037dc    program     extern C:\Users\Chan\Desktop\rec\1 NTFS\ECNG3006\L02_815009698_Q5.X\os_task.c
                OSTaskDel   0x0039f2    program     extern C:\Users\Chan\Desktop\rec\1 NTFS\ECNG3006\L02_815009698_Q5.X\os_task.c
             OSTaskDelReq   0x003dc0    program     extern C:\Users\Chan\Desktop\rec\1 NTFS\ECNG3006\L02_815009698_Q5.X\os_task.c
             OSTaskResume   0x003ef0    program     extern C:\Users\Chan\Desktop\rec\1 NTFS\ECNG3006\L02_815009698_Q5.X\os_task.c
             OSTaskStkChk   0x004048    program     extern C:\Users\Chan\Desktop\rec\1 NTFS\ECNG3006\L02_815009698_Q5.X\os_task.c
            OSTaskSuspend   0x004288    program     extern C:\Users\Chan\Desktop\rec\1 NTFS\ECNG3006\L02_815009698_Q5.X\os_task.c
                OSTimeDly   0x004420    program     extern C:\Users\Chan\Desktop\rec\1 NTFS\ECNG3006\L02_815009698_Q5.X\os_time.c
            OSTimeDlyHMSM   0x0044ca    program     extern C:\Users\Chan\Desktop\rec\1 NTFS\ECNG3006\L02_815009698_Q5.X\os_time.c
          OSTimeDlyResume   0x0047a6    program     extern C:\Users\Chan\Desktop\rec\1 NTFS\ECNG3006\L02_815009698_Q5.X\os_time.c
                OSTimeGet   0x0048fa    program     extern C:\Users\Chan\Desktop\rec\1 NTFS\ECNG3006\L02_815009698_Q5.X\os_time.c
                OSTimeSet   0x004980    program     extern C:\Users\Chan\Desktop\rec\1 NTFS\ECNG3006\L02_815009698_Q5.X\os_time.c
            OSTaskStkInit   0x0049ca    program     extern C:\Users\Chan\Desktop\rec\1 NTFS\ECNG3006\L02_815009698_Q5.X\OS_CPU_C.C
         OSTaskCreateHook   0x004bde    program     extern C:\Users\Chan\Desktop\rec\1 NTFS\ECNG3006\L02_815009698_Q5.X\OS_CPU_C.C
            OSTaskDelHook   0x004bfa    program     extern C:\Users\Chan\Desktop\rec\1 NTFS\ECNG3006\L02_815009698_Q5.X\OS_CPU_C.C
             OSTaskSwHook   0x004c16    program     extern C:\Users\Chan\Desktop\rec\1 NTFS\ECNG3006\L02_815009698_Q5.X\OS_CPU_C.C
       ___return_lbl00003   0x004c18    program     static                          
           OSTaskStatHook   0x004c1a    program     extern C:\Users\Chan\Desktop\rec\1 NTFS\ECNG3006\L02_815009698_Q5.X\OS_CPU_C.C
           OSTimeTickHook   0x004c1c    program     extern C:\Users\Chan\Desktop\rec\1 NTFS\ECNG3006\L02_815009698_Q5.X\OS_CPU_C.C
            OSTCBInitHook   0x004c1e    program     extern C:\Users\Chan\Desktop\rec\1 NTFS\ECNG3006\L02_815009698_Q5.X\OS_CPU_C.C
           OSTaskIdleHook   0x004c3a    program     extern C:\Users\Chan\Desktop\rec\1 NTFS\ECNG3006\L02_815009698_Q5.X\OS_CPU_C.C
          OSInitHookBegin   0x004c3c    program     extern C:\Users\Chan\Desktop\rec\1 NTFS\ECNG3006\L02_815009698_Q5.X\OS_CPU_C.C
            OSInitHookEnd   0x004c3e    program     extern C:\Users\Chan\Desktop\rec\1 NTFS\ECNG3006\L02_815009698_Q5.X\OS_CPU_C.C
           OSStartHighRdy   0x004c40    program     extern C:\Users\Chan\Desktop\rec\1 NTFS\ECNG3006\L02_815009698_Q5.X\OS_CPU_C.C
        ___while_lbl00011   0x004c58    program     static                          
        ___while_lbl00012   0x004c62    program     static                          
           ___if_lbl00013   0x004c68    program     static                          
           ___do_lbl00016   0x004c6e    program     static                          
           ___do_lbl00014   0x004c7c    program     static                          
           ___do_lbl00015   0x004c80    program     static                          
       ___return_lbl00010   0x004cc2    program     static                          
                  OSCtxSw   0x004cc4    program     extern C:\Users\Chan\Desktop\rec\1 NTFS\ECNG3006\L02_815009698_Q5.X\OS_CPU_C.C
        ___while_lbl00018   0x004d0e    program     static                          
        ___while_lbl00019   0x004d26    program     static                          
           ___if_lbl00020   0x004d30    program     static                          
           ___do_lbl00023   0x004d64    program     static                          
           ___do_lbl00021   0x004d72    program     static                          
           ___do_lbl00022   0x004d76    program     static                          
       ___return_lbl00017   0x004db8    program     static                          
          CPUlowInterrupt   0x004dba    program     extern C:\Users\Chan\Desktop\rec\1 NTFS\ECNG3006\L02_815009698_Q5.X\OS_CPU_C.C
       ___return_lbl00026   0x004e4a    program     static                          
               OSIntCtxSw   0x004e4c    program     extern C:\Users\Chan\Desktop\rec\1 NTFS\ECNG3006\L02_815009698_Q5.X\OS_CPU_C.C
        ___while_lbl00028   0x004e58    program     static                          
        ___while_lbl00029   0x004e70    program     static                          
           ___if_lbl00030   0x004e7a    program     static                          
        ___while_lbl00031   0x004ea8    program     static                          
        ___while_lbl00032   0x004eb2    program     static                          
           ___if_lbl00033   0x004eb8    program     static                          
           ___do_lbl00036   0x004ebe    program     static                          
           ___do_lbl00034   0x004ecc    program     static                          
           ___do_lbl00035   0x004ed0    program     static                          
       ___return_lbl00027   0x004f12    program     static                          
            DelayFor18TCY   0x004f14    program     extern C:\Users\Chan\Desktop\rec\1 NTFS\ECNG3006\L02_815009698_Q5.X\code_lab2_5.C
       ___return_lbl00000   0x004f2e    program     static                          
             DelayPORXLCD   0x004f30    program     extern C:\Users\Chan\Desktop\rec\1 NTFS\ECNG3006\L02_815009698_Q5.X\code_lab2_5.C
                DelayXLCD   0x004f3c    program     extern C:\Users\Chan\Desktop\rec\1 NTFS\ECNG3006\L02_815009698_Q5.X\code_lab2_5.C
                    TaskA   0x004f48    program     extern C:\Users\Chan\Desktop\rec\1 NTFS\ECNG3006\L02_815009698_Q5.X\code_lab2_5.C
                    TaskB   0x00501c    program     extern C:\Users\Chan\Desktop\rec\1 NTFS\ECNG3006\L02_815009698_Q5.X\code_lab2_5.C
                   appISR   0x0051ae    program     extern C:\Users\Chan\Desktop\rec\1 NTFS\ECNG3006\L02_815009698_Q5.X\code_lab2_5.C
                     main   0x005232    program     extern C:\Users\Chan\Desktop\rec\1 NTFS\ECNG3006\L02_815009698_Q5.X\code_lab2_5.C
                     itoa   0x005398    program     extern E:\3.46\pic18-lt\cxx-framework\src\traditional\stdclib\itoa.asm
                jTstSign1   0x0053c4    program     static E:\3.46\pic18-lt\cxx-framework\src\traditional\stdclib\itoa.asm
                     jDo5   0x00540e    program     static E:\3.46\pic18-lt\cxx-framework\src\traditional\stdclib\itoa.asm
                     jDo4   0x005412    program     static E:\3.46\pic18-lt\cxx-framework\src\traditional\stdclib\itoa.asm
                     jDo3   0x005416    program     static E:\3.46\pic18-lt\cxx-framework\src\traditional\stdclib\itoa.asm
                     jDo2   0x00541a    program     static E:\3.46\pic18-lt\cxx-framework\src\traditional\stdclib\itoa.asm
                     jDo1   0x00541e    program     static E:\3.46\pic18-lt\cxx-framework\src\traditional\stdclib\itoa.asm
                 TstUpper   0x005452    program     static E:\3.46\pic18-lt\cxx-framework\src\traditional\stdclib\itoa.asm
                 TstLower   0x005458    program     static E:\3.46\pic18-lt\cxx-framework\src\traditional\stdclib\itoa.asm
                jTstLowZ1   0x005462    program     static E:\3.46\pic18-lt\cxx-framework\src\traditional\stdclib\itoa.asm
[...]
                    PORTD   0x000f83       data     extern E:\3.46\pic18-lt\cxx-framework\src\traditional\proc\p18f452.asm
                    PORTE   0x000f84       data     extern E:\3.46\pic18-lt\cxx-framework\src\traditional\proc\p18f452.asm
                PORTEbits   0x000f84       data     extern E:\3.46\pic18-lt\cxx-framework\src\traditional\proc\p18f452.asm
                 LATAbits   0x000f89       data     extern E:\3.46\pic18-lt\cxx-framework\src\traditional\proc\p18f452.asm
                     LATA   0x000f89       data     extern E:\3.46\pic18-lt\cxx-framework\src\traditional\proc\p18f452.asm
                 LATBbits   0x000f8a       data     extern E:\3.46\pic18-lt\cxx-framework\src\traditional\proc\p18f452.asm
                     LATB   0x000f8a       data     extern E:\3.46\pic18-lt\cxx-framework\src\traditional\proc\p18f452.asm
                 LATCbits   0x000f8b       data     extern E:\3.46\pic18-lt\cxx-framework\src\traditional\proc\p18f452.asm
                     LATC   0x000f8b       data     extern E:\3.46\pic18-lt\cxx-framework\src\traditional\proc\p18f452.asm
                 LATDbits   0x000f8c       data     extern E:\3.46\pic18-lt\cxx-framework\src\traditional\proc\p18f452.asm
                     LATD   0x000f8c       data     extern E:\3.46\pic18-lt\cxx-framework\src\traditional\proc\p18f452.asm
                     LATE   0x000f8d       data     extern E:\3.46\pic18-lt\cxx-framework\src\traditional\proc\p18f452.asm
                 LATEbits   0x000f8d       data     extern E:\3.46\pic18-lt\cxx-framework\src\traditional\proc\p18f452.asm
                    TRISA   0x000f92       data     extern E:\3.46\pic18-lt\cxx-framework\src\traditional\proc\p18f452.asm
                     DDRA   0x000f92       data     extern E:\3.46\pic18-lt\cxx-framework\src\traditional\proc\p18f452.asm
                TRISAbits   0x000f92       data     extern E:\3.46\pic18-lt\cxx-framework\src\traditional\proc\p18f452.asm
                 DDRAbits   0x000f92       data     extern E:\3.46\pic18-lt\cxx-framework\src\traditional\proc\p18f452.asm
                     DDRB   0x000f93       data     extern E:\3.46\pic18-lt\cxx-framework\src\traditional\proc\p18f452.asm
                    TRISB   0x000f93       data     extern E:\3.46\pic18-lt\cxx-framework\src\traditional\proc\p18f452.asm
                 DDRBbits   0x000f93       data     extern E:\3.46\pic18-lt\cxx-framework\src\traditional\proc\p18f452.asm
                TRISBbits   0x000f93       data     extern E:\3.46\pic18-lt\cxx-framework\src\traditional\proc\p18f452.asm
                     DDRC   0x000f94       data     extern E:\3.46\pic18-lt\cxx-framework\src\traditional\proc\p18f452.asm
                 DDRCbits   0x000f94       data     extern E:\3.46\pic18-lt\cxx-framework\src\traditional\proc\p18f452.asm
                    TRISC   0x000f94       data     extern E:\3.46\pic18-lt\cxx-framework\src\traditional\proc\p18f452.asm
                TRISCbits   0x000f94       data     extern E:\3.46\pic18-lt\cxx-framework\src\traditional\proc\p18f452.asm
                    TRISD   0x000f95       data     extern E:\3.46\pic18-lt\cxx-framework\src\traditional\proc\p18f452.asm
                TRISDbits   0x000f95       data     extern E:\3.46\pic18-lt\cxx-framework\src\traditional\proc\p18f452.asm
                 DDRDbits   0x000f95       data     extern E:\3.46\pic18-lt\cxx-framework\src\traditional\proc\p18f452.asm
                     DDRD   0x000f95       data     extern E:\3.46\pic18-lt\cxx-framework\src\traditional\proc\p18f452.asm
                    TRISE   0x000f96       data     extern E:\3.46\pic18-lt\cxx-framework\src\traditional\proc\p18f452.asm
                TRISEbits   0x000f96       data     extern E:\3.46\pic18-lt\cxx-framework\src\traditional\proc\p18f452.asm
                     DDRE   0x000f96       data     extern E:\3.46\pic18-lt\cxx-framework\src\traditional\proc\p18f452.asm
                 DDREbits   0x000f96       data     extern E:\3.46\pic18-lt\cxx-framework\src\traditional\proc\p18f452.asm
                     PIE1   0x000f9d       data     extern E:\3.46\pic18-lt\cxx-framework\src\traditional\proc\p18f452.asm
                 PIE1bits   0x000f9d       data     extern E:\3.46\pic18-lt\cxx-framework\src\traditional\proc\p18f452.asm
                 PIR1bits   0x000f9e       data     extern E:\3.46\pic18-lt\cxx-framework\src\traditional\proc\p18f452.asm
                     PIR1   0x000f9e       data     extern E:\3.46\pic18-lt\cxx-framework\src\traditional\proc\p18f452.asm
                 IPR1bits   0x000f9f       data     extern E:\3.46\pic18-lt\cxx-framework\src\traditional\proc\p18f452.asm
                     IPR1   0x000f9f       data     extern E:\3.46\pic18-lt\cxx-framework\src\traditional\proc\p18f452.asm
                 PIE2bits   0x000fa0       data     extern E:\3.46\pic18-lt\cxx-framework\src\traditional\proc\p18f452.asm
                     PIE2   0x000fa0       data     extern E:\3.46\pic18-lt\cxx-framework\src\traditional\proc\p18f452.asm
                 PIR2bits   0x000fa1       data     extern E:\3.46\pic18-lt\cxx-framework\src\traditional\proc\p18f452.asm
                     PIR2   0x000fa1       data     extern E:\3.46\pic18-lt\cxx-framework\src\traditional\proc\p18f452.asm
                     IPR2   0x000fa2       data     extern E:\3.46\pic18-lt\cxx-framework\src\traditional\proc\p18f452.asm
                 IPR2bits   0x000fa2       data     extern E:\3.46\pic18-lt\cxx-framework\src\traditional\proc\p18f452.asm
                   EECON1   0x000fa6       data     extern E:\3.46\pic18-lt\cxx-framework\src\traditional\proc\p18f452.asm
               EECON1bits   0x000fa6       data     extern E:\3.46\pic18-lt\cxx-framework\src\traditional\proc\p18f452.asm
                   EECON2   0x000fa7       data     extern E:\3.46\pic18-lt\cxx-framework\src\traditional\proc\p18f452.asm
                   EEDATA   0x000fa8       data     extern E:\3.46\pic18-lt\cxx-framework\src\traditional\proc\p18f452.asm
                    EEADR   0x000fa9       data     extern E:\3.46\pic18-lt\cxx-framework\src\traditional\proc\p18f452.asm
                    RCSTA   0x000fab       data     extern E:\3.46\pic18-lt\cxx-framework\src\traditional\proc\p18f452.asm
                RCSTAbits   0x000fab       data     extern E:\3.46\pic18-lt\cxx-framework\src\traditional\proc\p18f452.asm
                TXSTAbits   0x000fac       data     extern E:\3.46\pic18-lt\cxx-framework\src\traditional\proc\p18f452.asm
                    TXSTA   0x000fac       data     extern E:\3.46\pic18-lt\cxx-framework\src\traditional\proc\p18f452.asm
                    TXREG   0x000fad       data     extern E:\3.46\pic18-lt\cxx-framework\src\traditional\proc\p18f452.asm
                    RCREG   0x000fae       data     extern E:\3.46\pic18-lt\cxx-framework\src\traditional\proc\p18f452.asm
                    SPBRG   0x000faf       data     extern E:\3.46\pic18-lt\cxx-framework\src\traditional\proc\p18f452.asm
                T3CONbits   0x000fb1       data     extern E:\3.46\pic18-lt\cxx-framework\src\traditional\proc\p18f452.asm
                    T3CON   0x000fb1       data     extern E:\3.46\pic18-lt\cxx-framework\src\traditional\proc\p18f452.asm
                    TMR3L   0x000fb2       data     extern E:\3.46\pic18-lt\cxx-framework\src\traditional\proc\p18f452.asm
                    TMR3H   0x000fb3       data     extern E:\3.46\pic18-lt\cxx-framework\src\traditional\proc\p18f452.asm
              CCP2CONbits   0x000fba       data     extern E:\3.46\pic18-lt\cxx-framework\src\traditional\proc\p18f452.asm
                  CCP2CON   0x000fba       data     extern E:\3.46\pic18-lt\cxx-framework\src\traditional\proc\p18f452.asm
                   CCPR2L   0x000fbb       data     extern E:\3.46\pic18-lt\cxx-framework\src\traditional\proc\p18f452.asm
                    CCPR2   0x000fbb       data     extern E:\3.46\pic18-lt\cxx-framework\src\traditional\proc\p18f452.asm
                   CCPR2H   0x000fbc       data     extern E:\3.46\pic18-lt\cxx-framework\src\traditional\proc\p18f452.asm
              CCP1CONbits   0x000fbd       data     extern E:\3.46\pic18-lt\cxx-framework\src\traditional\proc\p18f452.asm
                  CCP1CON   0x000fbd       data     extern E:\3.46\pic18-lt\cxx-framework\src\traditional\proc\p18f452.asm
                   CCPR1L   0x000fbe       data     extern E:\3.46\pic18-lt\cxx-framework\src\traditional\proc\p18f452.asm
                    CCPR1   0x000fbe       data     extern E:\3.46\pic18-lt\cxx-framework\src\traditional\proc\p18f452.asm
                   CCPR1H   0x000fbf       data     extern E:\3.46\pic18-lt\cxx-framework\src\traditional\proc\p18f452.asm
               ADCON1bits   0x000fc1       data     extern E:\3.46\pic18-lt\cxx-framework\src\traditional\proc\p18f452.asm
                   ADCON1   0x000fc1       data     extern E:\3.46\pic18-lt\cxx-framework\src\traditional\proc\p18f452.asm
                   ADCON0   0x000fc2       data     extern E:\3.46\pic18-lt\cxx-framework\src\traditional\proc\p18f452.asm
               ADCON0bits   0x000fc2       data     extern E:\3.46\pic18-lt\cxx-framework\src\traditional\proc\p18f452.asm
                    ADRES   0x000fc3       data     extern E:\3.46\pic18-lt\cxx-framework\src\traditional\proc\p18f452.asm
                   ADRESL   0x000fc3       data     extern E:\3.46\pic18-lt\cxx-framework\src\traditional\proc\p18f452.asm
                   ADRESH   0x000fc4       data     extern E:\3.46\pic18-lt\cxx-framework\src\traditional\proc\p18f452.asm
                  SSPCON2   0x000fc5       data     extern E:\3.46\pic18-lt\cxx-framework\src\traditional\proc\p18f452.asm
              SSPCON2bits   0x000fc5       data     extern E:\3.46\pic18-lt\cxx-framework\src\traditional\proc\p18f452.asm
              SSPCON1bits   0x000fc6       data     extern E:\3.46\pic18-lt\cxx-framework\src\traditional\proc\p18f452.asm
                  SSPCON1   0x000fc6       data     extern E:\3.46\pic18-lt\cxx-framework\src\traditional\proc\p18f452.asm
                  SSPSTAT   0x000fc7       data     extern E:\3.46\pic18-lt\cxx-framework\src\traditional\proc\p18f452.asm
              SSPSTATbits   0x000fc7       data     extern E:\3.46\pic18-lt\cxx-framework\src\traditional\proc\p18f452.asm
                   SSPADD   0x000fc8       data     extern E:\3.46\pic18-lt\cxx-framework\src\traditional\proc\p18f452.asm
                   SSPBUF   0x000fc9       data     extern E:\3.46\pic18-lt\cxx-framework\src\traditional\proc\p18f452.asm
                    T2CON   0x000fca       data     extern E:\3.46\pic18-lt\cxx-framework\src\traditional\proc\p18f452.asm
                T2CONbits   0x000fca       data     extern E:\3.46\pic18-lt\cxx-framework\src\traditional\proc\p18f452.asm
                      PR2   0x000fcb       data     extern E:\3.46\pic18-lt\cxx-framework\src\traditional\proc\p18f452.asm
                     TMR2   0x000fcc       data     extern E:\3.46\pic18-lt\cxx-framework\src\traditional\proc\p18f452.asm
                    T1CON   0x000fcd       data     extern E:\3.46\pic18-lt\cxx-framework\src\traditional\proc\p18f452.asm
                T1CONbits   0x000fcd       data     extern E:\3.46\pic18-lt\cxx-framework\src\traditional\proc\p18f452.asm
                    TMR1L   0x000fce       data     extern E:\3.46\pic18-lt\cxx-framework\src\traditional\proc\p18f452.asm
                    TMR1H   0x000fcf       data     extern E:\3.46\pic18-lt\cxx-framework\src\traditional\proc\p18f452.asm
                 RCONbits   0x000fd0       data     extern E:\3.46\pic18-lt\cxx-framework\src\traditional\proc\p18f452.asm
                     RCON   0x000fd0       data     extern E:\3.46\pic18-lt\cxx-framework\src\traditional\proc\p18f452.asm
                   WDTCON   0x000fd1       data     extern E:\3.46\pic18-lt\cxx-framework\src\traditional\proc\p18f452.asm
               WDTCONbits   0x000fd1       data     extern E:\3.46\pic18-lt\cxx-framework\src\traditional\proc\p18f452.asm
                   LVDCON   0x000fd2       data     extern E:\3.46\pic18-lt\cxx-framework\src\traditional\proc\p18f452.asm
               LVDCONbits   0x000fd2       data     extern E:\3.46\pic18-lt\cxx-framework\src\traditional\proc\p18f452.asm
                   OSCCON   0x000fd3       data     extern E:\3.46\pic18-lt\cxx-framework\src\traditional\proc\p18f452.asm
               OSCCONbits   0x000fd3       data     extern E:\3.46\pic18-lt\cxx-framework\src\traditional\proc\p18f452.asm
                T0CONbits   0x000fd5       data     extern E:\3.46\pic18-lt\cxx-framework\src\traditional\proc\p18f452.asm
                    T0CON   0x000fd5       data     extern E:\3.46\pic18-lt\cxx-framework\src\traditional\proc\p18f452.asm
                    TMR0L   0x000fd6       data     extern E:\3.46\pic18-lt\cxx-framework\src\traditional\proc\p18f452.asm
                    TMR0H   0x000fd7       data     extern E:\3.46\pic18-lt\cxx-framework\src\traditional\proc\p18f452.asm
                   STATUS   0x000fd8       data     extern E:\3.46\pic18-lt\cxx-framework\src\traditional\proc\p18f452.asm
               STATUSbits   0x000fd8       data     extern E:\3.46\pic18-lt\cxx-framework\src\traditional\proc\p18f452.asm
                    FSR2L   0x000fd9       data     extern E:\3.46\pic18-lt\cxx-framework\src\traditional\proc\p18f452.asm
                     FSR2   0x000fd9       data     extern E:\3.46\pic18-lt\cxx-framework\src\traditional\proc\p18f452.asm
                    FSR2H   0x000fda       data     extern E:\3.46\pic18-lt\cxx-framework\src\traditional\proc\p18f452.asm
                   PLUSW2   0x000fdb       data     extern E:\3.46\pic18-lt\cxx-framework\src\traditional\proc\p18f452.asm
                  PREINC2   0x000fdc       data     extern E:\3.46\pic18-lt\cxx-framework\src\traditional\proc\p18f452.asm
                 POSTDEC2   0x000fdd       data     extern E:\3.46\pic18-lt\cxx-framework\src\traditional\proc\p18f452.asm
                 POSTINC2   0x000fde       data     extern E:\3.46\pic18-lt\cxx-framework\src\traditional\proc\p18f452.asm
                    INDF2   0x000fdf       data     extern E:\3.46\pic18-lt\cxx-framework\src\traditional\proc\p18f452.asm
                      BSR   0x000fe0       data     extern E:\3.46\pic18-lt\cxx-framework\src\traditional\proc\p18f452.asm
                     FSR1   0x000fe1       data     extern E:\3.46\pic18-lt\cxx-framework\src\traditional\proc\p18f452.asm
                    FSR1L   0x000fe1       data     extern E:\3.46\pic18-lt\cxx-framework\src\traditional\proc\p18f452.asm
                    FSR1H   0x000fe2       data     extern E:\3.46\pic18-lt\cxx-framework\src\traditional\proc\p18f452.asm
                   PLUSW1   0x000fe3       data     extern E:\3.46\pic18-lt\cxx-framework\src\traditional\proc\p18f452.asm
                  PREINC1   0x000fe4       data     extern E:\3.46\pic18-lt\cxx-framework\src\traditional\proc\p18f452.asm
                 POSTDEC1   0x000fe5       data     extern E:\3.46\pic18-lt\cxx-framework\src\traditional\proc\p18f452.asm
                 POSTINC1   0x000fe6       data     extern E:\3.46\pic18-lt\cxx-framework\src\traditional\proc\p18f452.asm
                    INDF1   0x000fe7       data     extern E:\3.46\pic18-lt\cxx-framework\src\traditional\proc\p18f452.asm
                        W   0x000fe8       data     extern E:\3.46\pic18-lt\cxx-framework\src\traditional\proc\p18f452.asm
                     WREG   0x000fe8       data     extern E:\3.46\pic18-lt\cxx-framework\src\traditional\proc\p18f452.asm
                     FSR0   0x000fe9       data     extern E:\3.46\pic18-lt\cxx-framework\src\traditional\proc\p18f452.asm
                    FSR0L   0x000fe9       data     extern E:\3.46\pic18-lt\cxx-framework\src\traditional\proc\p18f452.asm
                    FSR0H   0x000fea       data     extern E:\3.46\pic18-lt\cxx-framework\src\traditional\proc\p18f452.asm
                   PLUSW0   0x000feb       data     extern E:\3.46\pic18-lt\cxx-framework\src\traditional\proc\p18f452.asm
                  PREINC0   0x000fec       data     extern E:\3.46\pic18-lt\cxx-framework\src\traditional\proc\p18f452.asm
                 POSTDEC0   0x000fed       data     extern E:\3.46\pic18-lt\cxx-framework\src\traditional\proc\p18f452.asm
                 POSTINC0   0x000fee       data     extern E:\3.46\pic18-lt\cxx-framework\src\traditional\proc\p18f452.asm
                    INDF0   0x000fef       data     extern E:\3.46\pic18-lt\cxx-framework\src\traditional\proc\p18f452.asm
                  INTCON3   0x000ff0       data     extern E:\3.46\pic18-lt\cxx-framework\src\traditional\proc\p18f452.asm
              INTCON3bits   0x000ff0       data     extern E:\3.46\pic18-lt\cxx-framework\src\traditional\proc\p18f452.asm
              INTCON2bits   0x000ff1       data     extern E:\3.46\pic18-lt\cxx-framework\src\traditional\proc\p18f452.asm
                  INTCON2   0x000ff1       data     extern E:\3.46\pic18-lt\cxx-framework\src\traditional\proc\p18f452.asm
              INTCON1bits   0x000ff2       data     extern E:\3.46\pic18-lt\cxx-framework\src\traditional\proc\p18f452.asm
                  INTCON1   0x000ff2       data     extern E:\3.46\pic18-lt\cxx-framework\src\traditional\proc\p18f452.asm
                   INTCON   0x000ff2       data     extern E:\3.46\pic18-lt\cxx-framework\src\traditional\proc\p18f452.asm
               INTCONbits   0x000ff2       data     extern E:\3.46\pic18-lt\cxx-framework\src\traditional\proc\p18f452.asm
                     PROD   0x000ff3       data     extern E:\3.46\pic18-lt\cxx-framework\src\traditional\proc\p18f452.asm
                    PRODL   0x000ff3       data     extern E:\3.46\pic18-lt\cxx-framework\src\traditional\proc\p18f452.asm
                    PRODH   0x000ff4       data     extern E:\3.46\pic18-lt\cxx-framework\src\traditional\proc\p18f452.asm
                   TABLAT   0x000ff5       data     extern E:\3.46\pic18-lt\cxx-framework\src\traditional\proc\p18f452.asm
                   TBLPTR   0x000ff6       data     extern E:\3.46\pic18-lt\cxx-framework\src\traditional\proc\p18f452.asm
                  TBLPTRL   0x000ff6       data     extern E:\3.46\pic18-lt\cxx-framework\src\traditional\proc\p18f452.asm
                  TBLPTRH   0x000ff7       data     extern E:\3.46\pic18-lt\cxx-framework\src\traditional\proc\p18f452.asm
                  TBLPTRU   0x000ff8       data     extern E:\3.46\pic18-lt\cxx-framework\src\traditional\proc\p18f452.asm
                       PC   0x000ff9       data     extern E:\3.46\pic18-lt\cxx-framework\src\traditional\proc\p18f452.asm
                      PCL   0x000ff9       data     extern E:\3.46\pic18-lt\cxx-framework\src\traditional\proc\p18f452.asm
                   PCLATH   0x000ffa       data     extern E:\3.46\pic18-lt\cxx-framework\src\traditional\proc\p18f452.asm
                   PCLATU   0x000ffb       data     extern E:\3.46\pic18-lt\cxx-framework\src\traditional\proc\p18f452.asm
               STKPTRbits   0x000ffc       data     extern E:\3.46\pic18-lt\cxx-framework\src\traditional\proc\p18f452.asm
                   STKPTR   0x000ffc       data     extern E:\3.46\pic18-lt\cxx-framework\src\traditional\proc\p18f452.asm
                      TOS   0x000ffd       data     extern E:\3.46\pic18-lt\cxx-framework\src\traditional\proc\p18f452.asm
                     TOSL   0x000ffd       data     extern E:\3.46\pic18-lt\cxx-framework\src\traditional\proc\p18f452.asm
                     TOSH   0x000ffe       data     extern E:\3.46\pic18-lt\cxx-framework\src\traditional\proc\p18f452.asm
                     TOSU   0x000fff       data     extern E:\3.46\pic18-lt\cxx-framework\src\traditional\proc\p18f452.asm


